2026-04-30 17:56:44.492 [Form1.cs:182] Application startup
2026-04-30 18:01:46.702 [PortIO.cs:29] OpenPort result:True
2026-04-30 18:01:46.707 [PortIO.cs:43] WritePort result:True | Data: 1BF006
2026-04-30 18:01:46.718 [PortIO.cs:62] ReadPort get:2 read:2 | Data: 4F4B000000000000000000000000000000000000000000000000000000000000
2026-04-30 18:01:46.719 [PortIO.cs:43] WritePort result:True | Data: 41542B434C4F5544545950453D320D0A
2026-04-30 18:01:46.733 [PortIO.cs:62] ReadPort get:2 read:2 | Data: 4F4B000000000000000000000000000000000000000000000000000000000000
2026-04-30 18:01:46.734 [PortIO.cs:43] WritePort result:True | Data: 41542B4854545055524C3D6C6F63616C686F73740D0A
2026-04-30 18:01:46.811 [PortIO.cs:62] ReadPort get:2 read:2 | Data: 4F4B000000000000000000000000000000000000000000000000000000000000
2026-04-30 18:01:46.812 [PortIO.cs:43] WritePort result:True | Data: 41542B48545450504154483D2F0D0A
2026-04-30 18:01:46.827 [PortIO.cs:62] ReadPort get:2 read:2 | Data: 4F4B000000000000000000000000000000000000000000000000000000000000
2026-04-30 18:01:46.828 [PortIO.cs:43] WritePort result:True | Data: 41542B4854545049443D3131310D0A
2026-04-30 18:01:46.905 [PortIO.cs:62] ReadPort get:2 read:2 | Data: 4F4B000000000000000000000000000000000000000000000000000000000000
2026-04-30 18:01:46.906 [PortIO.cs:43] WritePort result:True | Data: 41542B48545450504F4C4C494E473D31300D0A
2026-04-30 18:01:46.982 [PortIO.cs:62] ReadPort get:2 read:2 | Data: 4F4B000000000000000000000000000000000000000000000000000000000000
2026-04-30 18:01:46.984 [PortIO.cs:43] WritePort result:True | Data: 1BF016
2026-04-30 18:01:46.998 [PortIO.cs:62] ReadPort get:2 read:2 | Data: 4F4B000000000000000000000000000000000000000000000000000000000000
2026-04-30 18:01:47.000 [PortIO.cs:43] WritePort result:True | Data: 100601
2026-04-30 18:01:47.511 [PortIO.cs:70] ClosePort result:success
2026-04-30 18:06:35.609 [PortIO.cs:29] OpenPort result:True
2026-04-30 18:06:35.611 [PortIO.cs:43] WritePort result:True | Data: 1BF006
2026-04-30 18:06:35.625 [PortIO.cs:62] ReadPort get:2 read:2 | Data: 4F4B000000000000000000000000000000000000000000000000000000000000
2026-04-30 18:06:35.626 [PortIO.cs:43] WritePort result:True | Data: 41542B4D515454524551554553543D22687474703A2F2F6C6F63616C686F73743A38383030222C2230313632363032303630303032220D0A
2026-04-30 18:06:35.764 [PortIO.cs:62] ReadPort get:2 read:2 | Data: 4F4B000000000000000000000000000000000000000000000000000000000000
2026-04-30 18:06:35.766 [PortIO.cs:43] WritePort result:True | Data: 1BF016
2026-04-30 18:06:35.779 [PortIO.cs:62] ReadPort get:2 read:2 | Data: 4F4B000000000000000000000000000000000000000000000000000000000000
2026-04-30 18:06:35.781 [PortIO.cs:43] WritePort result:True | Data: 100601
2026-04-30 18:06:36.297 [PortIO.cs:70] ClosePort result:success
2026-04-30 18:52:13.395 [PortIO.cs:29] OpenPort result:True
2026-04-30 18:52:13.397 [PortIO.cs:43] WritePort result:True | Data: 1BF006
2026-04-30 18:52:13.411 [PortIO.cs:62] ReadPort get:2 read:2 | Data: 4F4B000000000000000000000000000000000000000000000000000000000000
2026-04-30 18:52:13.412 [PortIO.cs:43] WritePort result:True | Data: 41542B434C4F5544545950453D320D0A
2026-04-30 18:52:13.487 [PortIO.cs:62] ReadPort get:2 read:2 | Data: 4F4B000000000000000000000000000000000000000000000000000000000000
2026-04-30 18:52:13.489 [PortIO.cs:43] WritePort result:True | Data: 41542B4854545055524C3D31302E31332E3137372E31340D0A
2026-04-30 18:52:13.549 [PortIO.cs:62] ReadPort get:2 read:2 | Data: 4F4B000000000000000000000000000000000000000000000000000000000000
2026-04-30 18:52:13.550 [PortIO.cs:43] WritePort result:True | Data: 41542B48545450504154483D2F0D0A
2026-04-30 18:52:13.564 [PortIO.cs:62] ReadPort get:2 read:2 | Data: 4F4B000000000000000000000000000000000000000000000000000000000000
2026-04-30 18:52:13.565 [PortIO.cs:43] WritePort result:True | Data: 41542B4854545049443D303136323630323036303030320D0A
2026-04-30 18:52:13.642 [PortIO.cs:62] ReadPort get:2 read:2 | Data: 4F4B000000000000000000000000000000000000000000000000000000000000
2026-04-30 18:52:13.643 [PortIO.cs:43] WritePort result:True | Data: 41542B48545450504F4C4C494E473D31300D0A
2026-04-30 18:52:13.705 [PortIO.cs:62] ReadPort get:2 read:2 | Data: 4F4B000000000000000000000000000000000000000000000000000000000000
2026-04-30 18:52:13.707 [PortIO.cs:43] WritePort result:True | Data: 1BF016
2026-04-30 18:52:13.720 [PortIO.cs:62] ReadPort get:2 read:2 | Data: 4F4B000000000000000000000000000000000000000000000000000000000000
2026-04-30 18:52:13.722 [PortIO.cs:43] WritePort result:True | Data: 100601
2026-04-30 18:52:14.224 [PortIO.cs:70] ClosePort result:success
2026-04-30 18:55:40.683 [PortIO.cs:29] OpenPort result:True
2026-04-30 18:55:40.687 [PortIO.cs:43] WritePort result:True | Data: 1BF006
2026-04-30 18:55:40.699 [PortIO.cs:62] ReadPort get:2 read:2 | Data: 4F4B000000000000000000000000000000000000000000000000000000000000
2026-04-30 18:55:40.700 [PortIO.cs:43] WritePort result:True | Data: 41542B434C4F5544545950453D320D0A
2026-04-30 18:55:40.714 [PortIO.cs:62] ReadPort get:2 read:2 | Data: 4F4B000000000000000000000000000000000000000000000000000000000000
2026-04-30 18:55:40.715 [PortIO.cs:43] WritePort result:True | Data: 41542B4854545055524C3D31302E31332E3137372E31340D0A
2026-04-30 18:55:40.730 [PortIO.cs:62] ReadPort get:2 read:2 | Data: 4F4B000000000000000000000000000000000000000000000000000000000000
2026-04-30 18:55:40.731 [PortIO.cs:43] WritePort result:True | Data: 41542B48545450504154483D2F0D0A
2026-04-30 18:55:40.745 [PortIO.cs:62] ReadPort get:2 read:2 | Data: 4F4B000000000000000000000000000000000000000000000000000000000000
2026-04-30 18:55:40.746 [PortIO.cs:43] WritePort result:True | Data: 41542B4854545049443D303136323630323036303030320D0A
2026-04-30 18:55:40.760 [PortIO.cs:62] ReadPort get:2 read:2 | Data: 4F4B000000000000000000000000000000000000000000000000000000000000
2026-04-30 18:55:40.761 [PortIO.cs:43] WritePort result:True | Data: 41542B48545450504F4C4C494E473D31300D0A
2026-04-30 18:55:40.792 [PortIO.cs:62] ReadPort get:2 read:2 | Data: 4F4B000000000000000000000000000000000000000000000000000000000000
2026-04-30 18:55:40.793 [PortIO.cs:43] WritePort result:True | Data: 1BF016
2026-04-30 18:55:40.807 [PortIO.cs:62] ReadPort get:2 read:2 | Data: 4F4B000000000000000000000000000000000000000000000000000000000000
2026-04-30 18:55:40.809 [PortIO.cs:43] WritePort result:True | Data: 100601
2026-04-30 18:55:41.310 [PortIO.cs:70] ClosePort result:success
2026-04-30 18:58:04.393 [PortIO.cs:29] OpenPort result:True
2026-04-30 18:58:04.397 [PortIO.cs:43] WritePort result:True | Data: 1BF006
2026-04-30 18:58:04.409 [PortIO.cs:62] ReadPort get:2 read:2 | Data: 4F4B000000000000000000000000000000000000000000000000000000000000
2026-04-30 18:58:04.411 [PortIO.cs:43] WritePort result:True | Data: 41542B434C4F5544545950453D320D0A
2026-04-30 18:58:04.425 [PortIO.cs:62] ReadPort get:2 read:2 | Data: 4F4B000000000000000000000000000000000000000000000000000000000000
2026-04-30 18:58:04.426 [PortIO.cs:43] WritePort result:True | Data: 41542B4854545055524C3D31302E31332E3137372E31340D0A
2026-04-30 18:58:04.441 [PortIO.cs:62] ReadPort get:2 read:2 | Data: 4F4B000000000000000000000000000000000000000000000000000000000000
2026-04-30 18:58:04.442 [PortIO.cs:43] WritePort result:True | Data: 41542B48545450504154483D2F0D0A
2026-04-30 18:58:04.457 [PortIO.cs:62] ReadPort get:2 read:2 | Data: 4F4B000000000000000000000000000000000000000000000000000000000000
2026-04-30 18:58:04.458 [PortIO.cs:43] WritePort result:True | Data: 41542B4854545049443D303136323630323036303030320D0A
2026-04-30 18:58:04.473 [PortIO.cs:62] ReadPort get:2 read:2 | Data: 4F4B000000000000000000000000000000000000000000000000000000000000
2026-04-30 18:58:04.475 [PortIO.cs:43] WritePort result:True | Data: 41542B48545450504F4C4C494E473D31300D0A
2026-04-30 18:58:04.489 [PortIO.cs:62] ReadPort get:2 read:2 | Data: 4F4B000000000000000000000000000000000000000000000000000000000000
2026-04-30 18:58:04.490 [PortIO.cs:43] WritePort result:True | Data: 1BF016
2026-04-30 18:58:04.505 [PortIO.cs:62] ReadPort get:2 read:2 | Data: 4F4B000000000000000000000000000000000000000000000000000000000000
2026-04-30 18:58:04.507 [PortIO.cs:43] WritePort result:True | Data: 100601
2026-04-30 18:58:05.022 [PortIO.cs:70] ClosePort result:success
2026-04-30 19:03:12.721 [Form1.cs:182] Application startup
2026-04-30 19:03:26.245 [PortIO.cs:29] OpenPort result:True
2026-04-30 19:03:26.250 [PortIO.cs:43] WritePort result:True | Data: 1BF006
2026-04-30 19:03:26.276 [PortIO.cs:62] ReadPort get:2 read:2 | Data: 4F4B000000000000000000000000000000000000000000000000000000000000
2026-04-30 19:03:26.278 [PortIO.cs:43] WritePort result:True | Data: 41542B434C4F5544545950453D320D0A
2026-04-30 19:03:26.292 [PortIO.cs:62] ReadPort get:2 read:2 | Data: 4F4B000000000000000000000000000000000000000000000000000000000000
2026-04-30 19:03:26.293 [PortIO.cs:43] WritePort result:True | Data: 41542B4854545055524C3D31302E31332E3137372E31340D0A
2026-04-30 19:03:26.308 [PortIO.cs:62] ReadPort get:2 read:2 | Data: 4F4B000000000000000000000000000000000000000000000000000000000000
2026-04-30 19:03:26.309 [PortIO.cs:43] WritePort result:True | Data: 41542B48545450504154483D2F0D0A
2026-04-30 19:03:26.323 [PortIO.cs:62] ReadPort get:2 read:2 | Data: 4F4B000000000000000000000000000000000000000000000000000000000000
2026-04-30 19:03:26.325 [PortIO.cs:43] WritePort result:True | Data: 41542B4854545049443D303136323630323036303030320D0A
2026-04-30 19:03:26.339 [PortIO.cs:62] ReadPort get:2 read:2 | Data: 4F4B000000000000000000000000000000000000000000000000000000000000
2026-04-30 19:03:26.340 [PortIO.cs:43] WritePort result:True | Data: 41542B48545450504F4C4C494E473D31300D0A
2026-04-30 19:03:26.354 [PortIO.cs:62] ReadPort get:2 read:2 | Data: 4F4B000000000000000000000000000000000000000000000000000000000000
2026-04-30 19:03:26.355 [PortIO.cs:43] WritePort result:True | Data: 1BF016
2026-04-30 19:03:26.370 [PortIO.cs:62] ReadPort get:2 read:2 | Data: 4F4B000000000000000000000000000000000000000000000000000000000000
2026-04-30 19:03:26.372 [PortIO.cs:43] WritePort result:True | Data: 100601
2026-04-30 19:03:26.885 [PortIO.cs:70] ClosePort result:success
2026-04-30 19:06:48.365 [PortIO.cs:29] OpenPort result:True
2026-04-30 19:06:48.368 [PortIO.cs:43] WritePort result:True | Data: 1BF006
2026-04-30 19:06:48.381 [PortIO.cs:62] ReadPort get:2 read:2 | Data: 4F4B000000000000000000000000000000000000000000000000000000000000
2026-04-30 19:06:48.383 [PortIO.cs:43] WritePort result:True | Data: 41542B57494649535349443D225468696E636C6162222C22496E6E6F766174696F6E32303137220D0A
2026-04-30 19:06:48.397 [PortIO.cs:62] ReadPort get:2 read:2 | Data: 4F4B000000000000000000000000000000000000000000000000000000000000
2026-04-30 19:06:48.399 [PortIO.cs:43] WritePort result:True | Data: 41542B574946494E49503D310D0A
2026-04-30 19:06:48.412 [PortIO.cs:62] ReadPort get:2 read:2 | Data: 4F4B000000000000000000000000000000000000000000000000000000000000
2026-04-30 19:06:48.413 [PortIO.cs:43] WritePort result:True | Data: 1BF016
2026-04-30 19:06:48.428 [PortIO.cs:62] ReadPort get:2 read:2 | Data: 4F4B000000000000000000000000000000000000000000000000000000000000
2026-04-30 19:06:48.429 [PortIO.cs:43] WritePort result:True | Data: 100601
2026-04-30 19:06:48.943 [PortIO.cs:70] ClosePort result:success
2026-04-30 19:07:20.299 [PortIO.cs:29] OpenPort result:True
2026-04-30 19:07:20.302 [PortIO.cs:43] WritePort result:True | Data: 1BF006
2026-04-30 19:07:20.315 [PortIO.cs:62] ReadPort get:2 read:2 | Data: 4F4B000000000000000000000000000000000000000000000000000000000000
2026-04-30 19:07:20.316 [PortIO.cs:43] WritePort result:True | Data: 41542B434C4F5544545950453D310D0A
2026-04-30 19:07:20.394 [PortIO.cs:62] ReadPort get:2 read:2 | Data: 4F4B000000000000000000000000000000000000000000000000000000000000
2026-04-30 19:07:20.395 [PortIO.cs:43] WritePort result:True | Data: 1BF016
2026-04-30 19:07:20.410 [PortIO.cs:62] ReadPort get:2 read:2 | Data: 4F4B000000000000000000000000000000000000000000000000000000000000
2026-04-30 19:07:20.413 [PortIO.cs:43] WritePort result:True | Data: 100601
2026-04-30 19:07:20.914 [PortIO.cs:70] ClosePort result:success
2026-04-30 19:08:25.090 [PortIO.cs:29] OpenPort result:True
2026-04-30 19:08:25.094 [PortIO.cs:43] WritePort result:True | Data: 1BF006
2026-04-30 19:08:25.106 [PortIO.cs:62] ReadPort get:2 read:2 | Data: 4F4B000000000000000000000000000000000000000000000000000000000000
2026-04-30 19:08:25.107 [PortIO.cs:43] WritePort result:True | Data: 41542B434C4F5544545950453D310D0A
2026-04-30 19:08:25.122 [PortIO.cs:62] ReadPort get:2 read:2 | Data: 4F4B000000000000000000000000000000000000000000000000000000000000
2026-04-30 19:08:25.124 [PortIO.cs:43] WritePort result:True | Data: 41542B434C4F554455524C3D687474703A2F2F31302E31332E3137372E31342C383830300D0A
2026-04-30 19:08:25.201 [PortIO.cs:62] ReadPort get:2 read:2 | Data: 4F4B000000000000000000000000000000000000000000000000000000000000
2026-04-30 19:08:25.202 [PortIO.cs:43] WritePort result:True | Data: 41542B434C4F554449443D503830425F544553540D0A
2026-04-30 19:08:25.278 [PortIO.cs:62] ReadPort get:2 read:2 | Data: 4F4B000000000000000000000000000000000000000000000000000000000000
2026-04-30 19:08:25.279 [PortIO.cs:43] WritePort result:True | Data: 1BF016
2026-04-30 19:08:25.293 [PortIO.cs:62] ReadPort get:2 read:2 | Data: 4F4B000000000000000000000000000000000000000000000000000000000000
2026-04-30 19:08:25.295 [PortIO.cs:43] WritePort result:True | Data: 100601
2026-04-30 19:08:25.808 [PortIO.cs:70] ClosePort result:success
2026-04-30 19:09:19.421 [PortIO.cs:29] OpenPort result:True
2026-04-30 19:09:19.424 [PortIO.cs:43] WritePort result:True | Data: 1BF006
2026-04-30 19:09:19.437 [PortIO.cs:62] ReadPort get:2 read:2 | Data: 4F4B000000000000000000000000000000000000000000000000000000000000
2026-04-30 19:09:19.438 [PortIO.cs:43] WritePort result:True | Data: 41542B434C4F5544545950453D320D0A
2026-04-30 19:09:19.516 [PortIO.cs:62] ReadPort get:2 read:2 | Data: 4F4B000000000000000000000000000000000000000000000000000000000000
2026-04-30 19:09:19.518 [PortIO.cs:43] WritePort result:True | Data: 41542B4854545055524C3D31332E3231302E3132372E34300D0A
2026-04-30 19:09:19.577 [PortIO.cs:62] ReadPort get:2 read:2 | Data: 4F4B000000000000000000000000000000000000000000000000000000000000
2026-04-30 19:09:19.578 [PortIO.cs:43] WritePort result:True | Data: 41542B48545450504154483D2F0D0A
2026-04-30 19:09:19.641 [PortIO.cs:62] ReadPort get:2 read:2 | Data: 4F4B000000000000000000000000000000000000000000000000000000000000
2026-04-30 19:09:19.643 [PortIO.cs:43] WritePort result:True | Data: 41542B4854545049443D303136323630323036303030320D0A
2026-04-30 19:09:19.672 [PortIO.cs:62] ReadPort get:2 read:2 | Data: 4F4B000000000000000000000000000000000000000000000000000000000000
2026-04-30 19:09:19.674 [PortIO.cs:43] WritePort result:True | Data: 41542B48545450504F4C4C494E473D31300D0A
2026-04-30 19:09:19.687 [PortIO.cs:62] ReadPort get:2 read:2 | Data: 4F4B000000000000000000000000000000000000000000000000000000000000
2026-04-30 19:09:19.688 [PortIO.cs:43] WritePort result:True | Data: 1BF016
2026-04-30 19:09:19.703 [PortIO.cs:62] ReadPort get:2 read:2 | Data: 4F4B000000000000000000000000000000000000000000000000000000000000
2026-04-30 19:09:19.706 [PortIO.cs:43] WritePort result:True | Data: 100601
2026-04-30 19:09:20.218 [PortIO.cs:70] ClosePort result:success
2026-04-30 19:11:29.758 [PortIO.cs:29] OpenPort result:True
2026-04-30 19:11:29.760 [PortIO.cs:43] WritePort result:True | Data: 1BF006
2026-04-30 19:11:29.774 [PortIO.cs:62] ReadPort get:2 read:2 | Data: 4F4B000000000000000000000000000000000000000000000000000000000000
2026-04-30 19:11:29.776 [PortIO.cs:43] WritePort result:True | Data: 41542B434C4F5544545950453D310D0A
2026-04-30 19:11:29.836 [PortIO.cs:62] ReadPort get:2 read:2 | Data: 4F4B000000000000000000000000000000000000000000000000000000000000
2026-04-30 19:11:29.837 [PortIO.cs:43] WritePort result:True | Data: 41542B434C4F554455524C3D687474703A2F2F31302E31332E3137372E31342C383830300D0A
2026-04-30 19:11:29.898 [PortIO.cs:62] ReadPort get:2 read:2 | Data: 4F4B000000000000000000000000000000000000000000000000000000000000
2026-04-30 19:11:29.899 [PortIO.cs:43] WritePort result:True | Data: 41542B434C4F554449443D503830425F544553540D0A
2026-04-30 19:11:29.913 [PortIO.cs:62] ReadPort get:2 read:2 | Data: 4F4B000000000000000000000000000000000000000000000000000000000000
2026-04-30 19:11:29.914 [PortIO.cs:43] WritePort result:True | Data: 1BF016
2026-04-30 19:11:29.928 [PortIO.cs:62] ReadPort get:2 read:2 | Data: 4F4B000000000000000000000000000000000000000000000000000000000000
2026-04-30 19:11:29.930 [PortIO.cs:43] WritePort result:True | Data: 100601
2026-04-30 19:11:30.446 [PortIO.cs:70] ClosePort result:success
2026-04-30 19:12:08.831 [PortIO.cs:29] OpenPort result:True
2026-04-30 19:12:08.834 [PortIO.cs:43] WritePort result:True | Data: 1BF006
2026-04-30 19:12:08.847 [PortIO.cs:62] ReadPort get:2 read:2 | Data: 4F4B000000000000000000000000000000000000000000000000000000000000
2026-04-30 19:12:08.848 [PortIO.cs:43] WritePort result:True | Data: 41542B434C4F5544545950453D310D0A
2026-04-30 19:12:08.862 [PortIO.cs:62] ReadPort get:2 read:2 | Data: 4F4B000000000000000000000000000000000000000000000000000000000000
2026-04-30 19:12:08.864 [PortIO.cs:43] WritePort result:True | Data: 41542B434C4F554455524C3D687474703A2F2F31302E31332E3137372E31342C383038300D0A
2026-04-30 19:12:08.925 [PortIO.cs:62] ReadPort get:2 read:2 | Data: 4F4B000000000000000000000000000000000000000000000000000000000000
2026-04-30 19:12:08.926 [PortIO.cs:43] WritePort result:True | Data: 41542B434C4F554449443D503830425F544553540D0A
2026-04-30 19:12:08.941 [PortIO.cs:62] ReadPort get:2 read:2 | Data: 4F4B000000000000000000000000000000000000000000000000000000000000
2026-04-30 19:12:08.942 [PortIO.cs:43] WritePort result:True | Data: 1BF016
2026-04-30 19:12:08.957 [PortIO.cs:62] ReadPort get:2 read:2 | Data: 4F4B000000000000000000000000000000000000000000000000000000000000
2026-04-30 19:12:08.959 [PortIO.cs:43] WritePort result:True | Data: 100601
2026-04-30 19:12:09.469 [PortIO.cs:70] ClosePort result:success
2026-04-30 19:13:09.315 [PortIO.cs:29] OpenPort result:True
2026-04-30 19:13:09.317 [PortIO.cs:43] WritePort result:True | Data: 1BF006
2026-04-30 19:13:09.331 [PortIO.cs:62] ReadPort get:2 read:2 | Data: 4F4B000000000000000000000000000000000000000000000000000000000000
2026-04-30 19:13:09.332 [PortIO.cs:43] WritePort result:True | Data: 41542B434C4F5544545950453D310D0A
2026-04-30 19:13:09.346 [PortIO.cs:62] ReadPort get:2 read:2 | Data: 4F4B000000000000000000000000000000000000000000000000000000000000
2026-04-30 19:13:09.347 [PortIO.cs:43] WritePort result:True | Data: 41542B434C4F554455524C3D687474703A2F2F31332E3231302E3132372E34302C383038300D0A
2026-04-30 19:13:09.409 [PortIO.cs:62] ReadPort get:2 read:2 | Data: 4F4B000000000000000000000000000000000000000000000000000000000000
2026-04-30 19:13:09.410 [PortIO.cs:43] WritePort result:True | Data: 41542B434C4F554449443D503830425F544553540D0A
2026-04-30 19:13:09.424 [PortIO.cs:62] ReadPort get:2 read:2 | Data: 4F4B000000000000000000000000000000000000000000000000000000000000
2026-04-30 19:13:09.425 [PortIO.cs:43] WritePort result:True | Data: 1BF016
2026-04-30 19:13:09.439 [PortIO.cs:62] ReadPort get:2 read:2 | Data: 4F4B000000000000000000000000000000000000000000000000000000000000
2026-04-30 19:13:09.441 [PortIO.cs:43] WritePort result:True | Data: 100601
2026-04-30 19:13:09.943 [PortIO.cs:70] ClosePort result:success
2026-04-30 19:15:21.426 [PortIO.cs:29] OpenPort result:True
2026-04-30 19:15:21.428 [PortIO.cs:43] WritePort result:True | Data: 1BF006
2026-04-30 19:15:21.441 [PortIO.cs:62] ReadPort get:2 read:2 | Data: 4F4B000000000000000000000000000000000000000000000000000000000000
2026-04-30 19:15:21.442 [PortIO.cs:43] WritePort result:True | Data: 41542B4D515454524551554553543D22687474703A2F2F31332E3231302E3132372E3430222C2230313632363032303630303032220D0A
2026-04-30 19:15:21.565 [PortIO.cs:62] ReadPort get:2 read:2 | Data: 4F4B000000000000000000000000000000000000000000000000000000000000
2026-04-30 19:15:21.566 [PortIO.cs:43] WritePort result:True | Data: 1BF016
2026-04-30 19:15:21.581 [PortIO.cs:62] ReadPort get:2 read:2 | Data: 4F4B000000000000000000000000000000000000000000000000000000000000
2026-04-30 19:15:21.583 [PortIO.cs:43] WritePort result:True | Data: 100601
2026-04-30 19:15:22.094 [PortIO.cs:70] ClosePort result:success
2026-04-30 19:16:25.623 [PortIO.cs:29] OpenPort result:True
2026-04-30 19:16:25.626 [PortIO.cs:43] WritePort result:True | Data: 1BF006
2026-04-30 19:16:25.638 [PortIO.cs:62] ReadPort get:2 read:2 | Data: 4F4B000000000000000000000000000000000000000000000000000000000000
2026-04-30 19:16:25.639 [PortIO.cs:43] WritePort result:True | Data: 41542B57494649535349443D22535256222C2253616E746961676F32303233220D0A
2026-04-30 19:16:25.715 [PortIO.cs:62] ReadPort get:2 read:2 | Data: 4F4B000000000000000000000000000000000000000000000000000000000000
2026-04-30 19:16:25.716 [PortIO.cs:43] WritePort result:True | Data: 41542B574946494E49503D310D0A
2026-04-30 19:16:25.731 [PortIO.cs:62] ReadPort get:2 read:2 | Data: 4F4B000000000000000000000000000000000000000000000000000000000000
2026-04-30 19:16:25.732 [PortIO.cs:43] WritePort result:True | Data: 1BF016
2026-04-30 19:16:25.747 [PortIO.cs:62] ReadPort get:2 read:2 | Data: 4F4B000000000000000000000000000000000000000000000000000000000000
2026-04-30 19:16:25.748 [PortIO.cs:43] WritePort result:True | Data: 100601
2026-04-30 19:16:26.262 [PortIO.cs:70] ClosePort result:success
2026-04-30 19:17:04.111 [PortIO.cs:29] OpenPort result:True
2026-04-30 19:17:04.113 [PortIO.cs:43] WritePort result:True | Data: 1BF006
2026-04-30 19:17:04.127 [PortIO.cs:62] ReadPort get:2 read:2 | Data: 4F4B000000000000000000000000000000000000000000000000000000000000
2026-04-30 19:17:04.128 [PortIO.cs:43] WritePort result:True | Data: 41542B57494649535349443D22535256222C2253616E746961676F32303233220D0A
2026-04-30 19:17:04.143 [PortIO.cs:62] ReadPort get:2 read:2 | Data: 4F4B000000000000000000000000000000000000000000000000000000000000
2026-04-30 19:17:04.145 [PortIO.cs:43] WritePort result:True | Data: 41542B574946494E49503D310D0A
2026-04-30 19:17:04.158 [PortIO.cs:62] ReadPort get:2 read:2 | Data: 4F4B000000000000000000000000000000000000000000000000000000000000
2026-04-30 19:17:04.159 [PortIO.cs:43] WritePort result:True | Data: 1BF016
2026-04-30 19:17:04.174 [PortIO.cs:62] ReadPort get:2 read:2 | Data: 4F4B000000000000000000000000000000000000000000000000000000000000
2026-04-30 19:17:04.176 [PortIO.cs:43] WritePort result:True | Data: 100601
2026-04-30 19:17:04.688 [PortIO.cs:70] ClosePort result:success
2026-04-30 19:17:53.997 [PortIO.cs:29] OpenPort result:True
2026-04-30 19:17:53.999 [PortIO.cs:43] WritePort result:True | Data: 1BF006
2026-04-30 19:17:54.013 [PortIO.cs:62] ReadPort get:2 read:2 | Data: 4F4B000000000000000000000000000000000000000000000000000000000000
2026-04-30 19:17:54.014 [PortIO.cs:43] WritePort result:True | Data: 41542B434C4F5544545950453D320D0A
2026-04-30 19:17:54.091 [PortIO.cs:62] ReadPort get:2 read:2 | Data: 4F4B000000000000000000000000000000000000000000000000000000000000
2026-04-30 19:17:54.092 [PortIO.cs:43] WritePort result:True | Data: 41542B4854545055524C3D31332E3231302E3132372E34300D0A
2026-04-30 19:17:54.169 [PortIO.cs:62] ReadPort get:2 read:2 | Data: 4F4B000000000000000000000000000000000000000000000000000000000000
2026-04-30 19:17:54.170 [PortIO.cs:43] WritePort result:True | Data: 41542B48545450504154483D2F0D0A
2026-04-30 19:17:54.248 [PortIO.cs:62] ReadPort get:2 read:2 | Data: 4F4B000000000000000000000000000000000000000000000000000000000000
2026-04-30 19:17:54.249 [PortIO.cs:43] WritePort result:True | Data: 41542B4854545049443D303136323630323036303030320D0A
2026-04-30 19:17:54.263 [PortIO.cs:62] ReadPort get:2 read:2 | Data: 4F4B000000000000000000000000000000000000000000000000000000000000
2026-04-30 19:17:54.265 [PortIO.cs:43] WritePort result:True | Data: 41542B48545450504F4C4C494E473D31300D0A
2026-04-30 19:17:54.341 [PortIO.cs:62] ReadPort get:2 read:2 | Data: 4F4B000000000000000000000000000000000000000000000000000000000000
2026-04-30 19:17:54.342 [PortIO.cs:43] WritePort result:True | Data: 1BF016
2026-04-30 19:17:54.356 [PortIO.cs:62] ReadPort get:2 read:2 | Data: 4F4B000000000000000000000000000000000000000000000000000000000000
2026-04-30 19:17:54.358 [PortIO.cs:43] WritePort result:True | Data: 100601
2026-04-30 19:17:54.869 [PortIO.cs:70] ClosePort result:success
2026-04-30 19:18:47.404 [PortIO.cs:29] OpenPort result:True
2026-04-30 19:18:47.408 [PortIO.cs:43] WritePort result:True | Data: 1BF006
2026-04-30 19:18:47.420 [PortIO.cs:62] ReadPort get:2 read:2 | Data: 4F4B000000000000000000000000000000000000000000000000000000000000
2026-04-30 19:18:47.421 [PortIO.cs:43] WritePort result:True | Data: 41542B57494649535349443D22535256222C2253616E746961676F32303233220D0A
2026-04-30 19:18:47.435 [PortIO.cs:62] ReadPort get:2 read:2 | Data: 4F4B000000000000000000000000000000000000000000000000000000000000
2026-04-30 19:18:47.438 [PortIO.cs:43] WritePort result:True | Data: 41542B574946494E49503D310D0A
2026-04-30 19:18:47.466 [PortIO.cs:62] ReadPort get:2 read:2 | Data: 4F4B000000000000000000000000000000000000000000000000000000000000
2026-04-30 19:18:47.467 [PortIO.cs:43] WritePort result:True | Data: 1BF016
2026-04-30 19:18:47.481 [PortIO.cs:62] ReadPort get:2 read:2 | Data: 4F4B000000000000000000000000000000000000000000000000000000000000
2026-04-30 19:18:47.484 [PortIO.cs:43] WritePort result:True | Data: 100601
2026-04-30 19:18:47.994 [PortIO.cs:70] ClosePort result:success
2026-04-30 19:19:47.388 [PortIO.cs:29] OpenPort result:True
2026-04-30 19:19:47.391 [PortIO.cs:43] WritePort result:True | Data: 1BF006
2026-04-30 19:19:47.403 [PortIO.cs:62] ReadPort get:2 read:2 | Data: 4F4B000000000000000000000000000000000000000000000000000000000000
2026-04-30 19:19:47.405 [PortIO.cs:43] WritePort result:True | Data: 41542B434C4F5544545950453D310D0A
2026-04-30 19:19:47.481 [PortIO.cs:62] ReadPort get:2 read:2 | Data: 4F4B000000000000000000000000000000000000000000000000000000000000
2026-04-30 19:19:47.482 [PortIO.cs:43] WritePort result:True | Data: 41542B434C4F554455524C3D687474703A2F2F31332E3231302E3132372E34302C383038300D0A
2026-04-30 19:19:47.559 [PortIO.cs:62] ReadPort get:2 read:2 | Data: 4F4B000000000000000000000000000000000000000000000000000000000000
2026-04-30 19:19:47.561 [PortIO.cs:43] WritePort result:True | Data: 41542B434C4F554449443D303136323630323036303030320D0A
2026-04-30 19:19:47.637 [PortIO.cs:62] ReadPort get:2 read:2 | Data: 4F4B000000000000000000000000000000000000000000000000000000000000
2026-04-30 19:19:47.638 [PortIO.cs:43] WritePort result:True | Data: 1BF016
2026-04-30 19:19:47.653 [PortIO.cs:62] ReadPort get:2 read:2 | Data: 4F4B000000000000000000000000000000000000000000000000000000000000
2026-04-30 19:19:47.654 [PortIO.cs:43] WritePort result:True | Data: 100601
2026-04-30 19:19:48.168 [PortIO.cs:70] ClosePort result:success
2026-04-30 19:20:29.033 [PortIO.cs:29] OpenPort result:True
2026-04-30 19:20:29.040 [PortIO.cs:43] WritePort result:True | Data: 1BF006
2026-04-30 19:20:29.065 [PortIO.cs:62] ReadPort get:2 read:2 | Data: 4F4B000000000000000000000000000000000000000000000000000000000000
2026-04-30 19:20:29.066 [PortIO.cs:43] WritePort result:True | Data: 41542B434C4F5544545950453D310D0A
2026-04-30 19:20:29.081 [PortIO.cs:62] ReadPort get:2 read:2 | Data: 4F4B000000000000000000000000000000000000000000000000000000000000
2026-04-30 19:20:29.082 [PortIO.cs:43] WritePort result:True | Data: 41542B434C4F554455524C3D687474703A2F2F31332E3231302E3132372E34302C383038300D0A
2026-04-30 19:20:29.097 [PortIO.cs:62] ReadPort get:2 read:2 | Data: 4F4B000000000000000000000000000000000000000000000000000000000000
2026-04-30 19:20:29.098 [PortIO.cs:43] WritePort result:True | Data: 41542B434C4F554449443D303136323630323036303030320D0A
2026-04-30 19:20:29.113 [PortIO.cs:62] ReadPort get:2 read:2 | Data: 4F4B000000000000000000000000000000000000000000000000000000000000
2026-04-30 19:20:29.114 [PortIO.cs:43] WritePort result:True | Data: 1BF016
2026-04-30 19:20:29.129 [PortIO.cs:62] ReadPort get:2 read:2 | Data: 4F4B000000000000000000000000000000000000000000000000000000000000
2026-04-30 19:20:29.131 [PortIO.cs:43] WritePort result:True | Data: 100601
2026-04-30 19:20:29.643 [PortIO.cs:70] ClosePort result:success
2026-04-30 19:22:43.658 [PortIO.cs:29] OpenPort result:True
2026-04-30 19:22:43.661 [PortIO.cs:43] WritePort result:True | Data: 1BF006
2026-04-30 19:22:43.674 [PortIO.cs:62] ReadPort get:2 read:2 | Data: 4F4B000000000000000000000000000000000000000000000000000000000000
2026-04-30 19:22:43.675 [PortIO.cs:43] WritePort result:True | Data: 41542B434C4F5544545950453D310D0A
2026-04-30 19:22:43.690 [PortIO.cs:62] ReadPort get:2 read:2 | Data: 4F4B000000000000000000000000000000000000000000000000000000000000
2026-04-30 19:22:43.692 [PortIO.cs:43] WritePort result:True | Data: 41542B434C4F554455524C3D687474703A2F2F31332E3231302E3132372E34302F666173746170692C383038300D0A
2026-04-30 19:22:43.752 [PortIO.cs:62] ReadPort get:2 read:2 | Data: 4F4B000000000000000000000000000000000000000000000000000000000000
2026-04-30 19:22:43.753 [PortIO.cs:43] WritePort result:True | Data: 41542B434C4F554449443D303136323630323036303030320D0A
2026-04-30 19:22:43.768 [PortIO.cs:62] ReadPort get:2 read:2 | Data: 4F4B000000000000000000000000000000000000000000000000000000000000
2026-04-30 19:22:43.769 [PortIO.cs:43] WritePort result:True | Data: 1BF016
2026-04-30 19:22:43.784 [PortIO.cs:62] ReadPort get:2 read:2 | Data: 4F4B000000000000000000000000000000000000000000000000000000000000
2026-04-30 19:22:43.786 [PortIO.cs:43] WritePort result:True | Data: 100601
2026-04-30 19:22:44.301 [PortIO.cs:70] ClosePort result:success
2026-04-30 19:22:51.224 [PortIO.cs:29] OpenPort result:True
2026-04-30 19:22:51.226 [PortIO.cs:43] WritePort result:True | Data: 1BF006
2026-04-30 19:22:51.254 [PortIO.cs:62] ReadPort get:2 read:2 | Data: 4F4B000000000000000000000000000000000000000000000000000000000000
2026-04-30 19:22:51.256 [PortIO.cs:43] WritePort result:True | Data: 41542B434C4F5544545950453D310D0A
2026-04-30 19:22:51.286 [PortIO.cs:62] ReadPort get:2 read:2 | Data: 4F4B000000000000000000000000000000000000000000000000000000000000
2026-04-30 19:22:51.287 [PortIO.cs:43] WritePort result:True | Data: 41542B434C4F554455524C3D687474703A2F2F31332E3231302E3132372E34302F666173746170692C383038300D0A
2026-04-30 19:22:51.302 [PortIO.cs:62] ReadPort get:2 read:2 | Data: 4F4B000000000000000000000000000000000000000000000000000000000000
2026-04-30 19:22:51.303 [PortIO.cs:43] WritePort result:True | Data: 41542B434C4F554449443D303136323630323036303030320D0A
2026-04-30 19:22:51.317 [PortIO.cs:62] ReadPort get:2 read:2 | Data: 4F4B000000000000000000000000000000000000000000000000000000000000
2026-04-30 19:22:51.318 [PortIO.cs:43] WritePort result:True | Data: 1BF016
2026-04-30 19:22:51.333 [PortIO.cs:62] ReadPort get:2 read:2 | Data: 4F4B000000000000000000000000000000000000000000000000000000000000
2026-04-30 19:22:51.335 [PortIO.cs:43] WritePort result:True | Data: 100601
2026-04-30 19:22:51.847 [PortIO.cs:70] ClosePort result:success
2026-04-30 19:23:19.707 [PortIO.cs:29] OpenPort result:True
2026-04-30 19:23:19.709 [PortIO.cs:43] WritePort result:True | Data: 1BF006
2026-04-30 19:23:19.723 [PortIO.cs:62] ReadPort get:2 read:2 | Data: 4F4B000000000000000000000000000000000000000000000000000000000000
2026-04-30 19:23:19.724 [PortIO.cs:43] WritePort result:True | Data: 41542B434C4F5544545950453D310D0A
2026-04-30 19:23:19.738 [PortIO.cs:62] ReadPort get:2 read:2 | Data: 4F4B000000000000000000000000000000000000000000000000000000000000
2026-04-30 19:23:19.740 [PortIO.cs:43] WritePort result:True | Data: 41542B434C4F554455524C3D687474703A2F2F31332E3231302E3132372E34303A383038302F666173746170692C383038300D0A
2026-04-30 19:23:19.800 [PortIO.cs:62] ReadPort get:2 read:2 | Data: 4F4B000000000000000000000000000000000000000000000000000000000000
2026-04-30 19:23:19.801 [PortIO.cs:43] WritePort result:True | Data: 41542B434C4F554449443D303136323630323036303030320D0A
2026-04-30 19:23:19.816 [PortIO.cs:62] ReadPort get:2 read:2 | Data: 4F4B000000000000000000000000000000000000000000000000000000000000
2026-04-30 19:23:19.817 [PortIO.cs:43] WritePort result:True | Data: 1BF016
2026-04-30 19:23:19.832 [PortIO.cs:62] ReadPort get:2 read:2 | Data: 4F4B000000000000000000000000000000000000000000000000000000000000
2026-04-30 19:23:19.835 [PortIO.cs:43] WritePort result:True | Data: 100601
2026-04-30 19:23:20.348 [PortIO.cs:70] ClosePort result:success
2026-04-30 19:24:06.076 [PortIO.cs:29] OpenPort result:True
2026-04-30 19:24:06.078 [PortIO.cs:43] WritePort result:True | Data: 1BF006
2026-04-30 19:24:06.091 [PortIO.cs:62] ReadPort get:2 read:2 | Data: 4F4B000000000000000000000000000000000000000000000000000000000000
2026-04-30 19:24:06.092 [PortIO.cs:43] WritePort result:True | Data: 41542B434C4F5544545950453D320D0A
2026-04-30 19:24:06.155 [PortIO.cs:62] ReadPort get:2 read:2 | Data: 4F4B000000000000000000000000000000000000000000000000000000000000
2026-04-30 19:24:06.156 [PortIO.cs:43] WritePort result:True | Data: 41542B4854545055524C3D31332E3231302E3132372E34300D0A
2026-04-30 19:24:06.217 [PortIO.cs:62] ReadPort get:2 read:2 | Data: 4F4B000000000000000000000000000000000000000000000000000000000000
2026-04-30 19:24:06.218 [PortIO.cs:43] WritePort result:True | Data: 41542B48545450504154483D2F666173746170692F0D0A
2026-04-30 19:24:06.279 [PortIO.cs:62] ReadPort get:2 read:2 | Data: 4F4B000000000000000000000000000000000000000000000000000000000000
2026-04-30 19:24:06.281 [PortIO.cs:43] WritePort result:True | Data: 41542B4854545049443D303136323630323036303030320D0A
2026-04-30 19:24:06.310 [PortIO.cs:62] ReadPort get:2 read:2 | Data: 4F4B000000000000000000000000000000000000000000000000000000000000
2026-04-30 19:24:06.311 [PortIO.cs:43] WritePort result:True | Data: 41542B48545450504F4C4C494E473D31300D0A
2026-04-30 19:24:06.326 [PortIO.cs:62] ReadPort get:2 read:2 | Data: 4F4B000000000000000000000000000000000000000000000000000000000000
2026-04-30 19:24:06.327 [PortIO.cs:43] WritePort result:True | Data: 1BF016
2026-04-30 19:24:06.341 [PortIO.cs:62] ReadPort get:2 read:2 | Data: 4F4B000000000000000000000000000000000000000000000000000000000000
2026-04-30 19:24:06.343 [PortIO.cs:43] WritePort result:True | Data: 100601
2026-04-30 19:24:06.856 [PortIO.cs:70] ClosePort result:success
2026-04-30 19:24:30.600 [PortIO.cs:29] OpenPort result:True
2026-04-30 19:24:30.603 [PortIO.cs:43] WritePort result:True | Data: 1BF006
2026-04-30 19:24:30.616 [PortIO.cs:62] ReadPort get:2 read:2 | Data: 4F4B000000000000000000000000000000000000000000000000000000000000
2026-04-30 19:24:30.617 [PortIO.cs:43] WritePort result:True | Data: 41542B434C4F5544545950453D310D0A
2026-04-30 19:24:30.678 [PortIO.cs:62] ReadPort get:2 read:2 | Data: 4F4B000000000000000000000000000000000000000000000000000000000000
2026-04-30 19:24:30.679 [PortIO.cs:43] WritePort result:True | Data: 41542B434C4F554455524C3D687474703A2F2F31332E3231302E3132372E34303A383038302F666173746170692F2C383038300D0A
2026-04-30 19:24:30.739 [PortIO.cs:62] ReadPort get:2 read:2 | Data: 4F4B000000000000000000000000000000000000000000000000000000000000
2026-04-30 19:24:30.740 [PortIO.cs:43] WritePort result:True | Data: 41542B434C4F554449443D303136323630323036303030320D0A
2026-04-30 19:24:30.755 [PortIO.cs:62] ReadPort get:2 read:2 | Data: 4F4B000000000000000000000000000000000000000000000000000000000000
2026-04-30 19:24:30.756 [PortIO.cs:43] WritePort result:True | Data: 1BF016
2026-04-30 19:24:30.771 [PortIO.cs:62] ReadPort get:2 read:2 | Data: 4F4B000000000000000000000000000000000000000000000000000000000000
2026-04-30 19:24:30.772 [PortIO.cs:43] WritePort result:True | Data: 100601
2026-04-30 19:24:31.287 [PortIO.cs:70] ClosePort result:success
2026-04-30 19:25:07.680 [PortIO.cs:29] OpenPort result:True
2026-04-30 19:25:07.683 [PortIO.cs:43] WritePort result:True | Data: 1BF006
2026-04-30 19:25:07.696 [PortIO.cs:62] ReadPort get:2 read:2 | Data: 4F4B000000000000000000000000000000000000000000000000000000000000
2026-04-30 19:25:07.697 [PortIO.cs:43] WritePort result:True | Data: 41542B57494649535349443D225468696E636C6162222C22496E6E6F766174696F6E32303137220D0A
2026-04-30 19:25:07.759 [PortIO.cs:62] ReadPort get:2 read:2 | Data: 4F4B000000000000000000000000000000000000000000000000000000000000
2026-04-30 19:25:07.761 [PortIO.cs:43] WritePort result:True | Data: 41542B574946494E49503D310D0A
2026-04-30 19:25:07.774 [PortIO.cs:62] ReadPort get:2 read:2 | Data: 4F4B000000000000000000000000000000000000000000000000000000000000
2026-04-30 19:25:07.775 [PortIO.cs:43] WritePort result:True | Data: 1BF016
2026-04-30 19:25:07.789 [PortIO.cs:62] ReadPort get:2 read:2 | Data: 4F4B000000000000000000000000000000000000000000000000000000000000
2026-04-30 19:25:07.791 [PortIO.cs:43] WritePort result:True | Data: 100601
2026-04-30 19:25:08.294 [PortIO.cs:70] ClosePort result:success
2026-04-30 19:26:36.671 [PortIO.cs:29] OpenPort result:True
2026-04-30 19:26:36.673 [PortIO.cs:43] WritePort result:True | Data: 1BF006
2026-04-30 19:26:36.687 [PortIO.cs:62] ReadPort get:2 read:2 | Data: 4F4B000000000000000000000000000000000000000000000000000000000000
2026-04-30 19:26:36.688 [PortIO.cs:43] WritePort result:True | Data: 41542B434C4F5544545950453D310D0A
2026-04-30 19:26:36.703 [PortIO.cs:62] ReadPort get:2 read:2 | Data: 4F4B000000000000000000000000000000000000000000000000000000000000
2026-04-30 19:26:36.705 [PortIO.cs:43] WritePort result:True | Data: 41542B434C4F554455524C3D687474703A2F2F31332E3231302E3132372E34302F666173746170692F2C383038300D0A
2026-04-30 19:26:36.782 [PortIO.cs:62] ReadPort get:2 read:2 | Data: 4F4B000000000000000000000000000000000000000000000000000000000000
2026-04-30 19:26:36.784 [PortIO.cs:43] WritePort result:True | Data: 41542B434C4F554449443D303136323630323036303030320D0A
2026-04-30 19:26:36.797 [PortIO.cs:62] ReadPort get:2 read:2 | Data: 4F4B000000000000000000000000000000000000000000000000000000000000
2026-04-30 19:26:36.798 [PortIO.cs:43] WritePort result:True | Data: 1BF016
2026-04-30 19:26:36.812 [PortIO.cs:62] ReadPort get:2 read:2 | Data: 4F4B000000000000000000000000000000000000000000000000000000000000
2026-04-30 19:26:36.815 [PortIO.cs:43] WritePort result:True | Data: 100601
2026-04-30 19:26:37.325 [PortIO.cs:70] ClosePort result:success
2026-04-30 19:27:50.433 [PortIO.cs:29] OpenPort result:True
2026-04-30 19:27:50.436 [PortIO.cs:43] WritePort result:True | Data: 1BF006
2026-04-30 19:27:50.449 [PortIO.cs:62] ReadPort get:2 read:2 | Data: 4F4B000000000000000000000000000000000000000000000000000000000000
2026-04-30 19:27:50.450 [PortIO.cs:43] WritePort result:True | Data: 41542B434C4F5544545950453D320D0A
2026-04-30 19:27:50.526 [PortIO.cs:62] ReadPort get:2 read:2 | Data: 4F4B000000000000000000000000000000000000000000000000000000000000
2026-04-30 19:27:50.527 [PortIO.cs:43] WritePort result:True | Data: 41542B4854545055524C3D31332E3231302E3132372E34300D0A
2026-04-30 19:27:50.603 [PortIO.cs:62] ReadPort get:2 read:2 | Data: 4F4B000000000000000000000000000000000000000000000000000000000000
2026-04-30 19:27:50.604 [PortIO.cs:43] WritePort result:True | Data: 41542B48545450504154483D2F666173746170692F0D0A
2026-04-30 19:27:50.682 [PortIO.cs:62] ReadPort get:2 read:2 | Data: 4F4B000000000000000000000000000000000000000000000000000000000000
2026-04-30 19:27:50.682 [PortIO.cs:43] WritePort result:True | Data: 41542B4854545049443D303136323630323036303030320D0A
2026-04-30 19:27:50.697 [PortIO.cs:62] ReadPort get:2 read:2 | Data: 4F4B000000000000000000000000000000000000000000000000000000000000
2026-04-30 19:27:50.698 [PortIO.cs:43] WritePort result:True | Data: 41542B48545450504F4C4C494E473D31300D0A
2026-04-30 19:27:50.713 [PortIO.cs:62] ReadPort get:2 read:2 | Data: 4F4B000000000000000000000000000000000000000000000000000000000000
2026-04-30 19:27:50.714 [PortIO.cs:43] WritePort result:True | Data: 1BF016
2026-04-30 19:27:50.729 [PortIO.cs:62] ReadPort get:2 read:2 | Data: 4F4B000000000000000000000000000000000000000000000000000000000000
2026-04-30 19:27:50.731 [PortIO.cs:43] WritePort result:True | Data: 100601
2026-04-30 19:27:51.242 [PortIO.cs:70] ClosePort result:success
2026-04-30 19:28:18.088 [PortIO.cs:29] OpenPort result:True
2026-04-30 19:28:18.090 [PortIO.cs:43] WritePort result:True | Data: 1BF006
2026-04-30 19:28:18.103 [PortIO.cs:62] ReadPort get:2 read:2 | Data: 4F4B000000000000000000000000000000000000000000000000000000000000
2026-04-30 19:28:18.105 [PortIO.cs:43] WritePort result:True | Data: 41542B434C4F5544545950453D320D0A
2026-04-30 19:28:18.119 [PortIO.cs:62] ReadPort get:2 read:2 | Data: 4F4B000000000000000000000000000000000000000000000000000000000000
2026-04-30 19:28:18.121 [PortIO.cs:43] WritePort result:True | Data: 41542B4854545055524C3D31332E3231302E3132372E34300D0A
2026-04-30 19:28:18.135 [PortIO.cs:62] ReadPort get:2 read:2 | Data: 4F4B000000000000000000000000000000000000000000000000000000000000
2026-04-30 19:28:18.136 [PortIO.cs:43] WritePort result:True | Data: 41542B48545450504154483D2F666173746170692F0D0A
2026-04-30 19:28:18.150 [PortIO.cs:62] ReadPort get:2 read:2 | Data: 4F4B000000000000000000000000000000000000000000000000000000000000
2026-04-30 19:28:18.151 [PortIO.cs:43] WritePort result:True | Data: 41542B4854545049443D303136323630323036303030320D0A
2026-04-30 19:28:18.166 [PortIO.cs:62] ReadPort get:2 read:2 | Data: 4F4B000000000000000000000000000000000000000000000000000000000000
2026-04-30 19:28:18.167 [PortIO.cs:43] WritePort result:True | Data: 41542B48545450504F4C4C494E473D310D0A
2026-04-30 19:28:18.244 [PortIO.cs:62] ReadPort get:2 read:2 | Data: 4F4B000000000000000000000000000000000000000000000000000000000000
2026-04-30 19:28:18.245 [PortIO.cs:43] WritePort result:True | Data: 1BF016
2026-04-30 19:28:18.260 [PortIO.cs:62] ReadPort get:2 read:2 | Data: 4F4B000000000000000000000000000000000000000000000000000000000000
2026-04-30 19:28:18.262 [PortIO.cs:43] WritePort result:True | Data: 100601
2026-04-30 19:28:18.776 [PortIO.cs:70] ClosePort result:success
2026-04-30 19:28:39.558 [PortIO.cs:29] OpenPort result:True
2026-04-30 19:28:39.560 [PortIO.cs:43] WritePort result:True | Data: 1BF006
2026-04-30 19:28:39.574 [PortIO.cs:62] ReadPort get:2 read:2 | Data: 4F4B000000000000000000000000000000000000000000000000000000000000
2026-04-30 19:28:39.575 [PortIO.cs:43] WritePort result:True | Data: 41542B434C4F5544545950453D320D0A
2026-04-30 19:28:39.589 [PortIO.cs:62] ReadPort get:2 read:2 | Data: 4F4B000000000000000000000000000000000000000000000000000000000000
2026-04-30 19:28:39.591 [PortIO.cs:43] WritePort result:True | Data: 41542B4854545055524C3D31332E3231302E3132372E34300D0A
2026-04-30 19:28:39.605 [PortIO.cs:62] ReadPort get:2 read:2 | Data: 4F4B000000000000000000000000000000000000000000000000000000000000
2026-04-30 19:28:39.606 [PortIO.cs:43] WritePort result:True | Data: 41542B48545450504154483D2F666173746170692F696E666F0D0A
2026-04-30 19:28:39.685 [PortIO.cs:62] ReadPort get:2 read:2 | Data: 4F4B000000000000000000000000000000000000000000000000000000000000
2026-04-30 19:28:39.687 [PortIO.cs:43] WritePort result:True | Data: 41542B4854545049443D303136323630323036303030320D0A
2026-04-30 19:28:39.699 [PortIO.cs:62] ReadPort get:2 read:2 | Data: 4F4B000000000000000000000000000000000000000000000000000000000000
2026-04-30 19:28:39.700 [PortIO.cs:43] WritePort result:True | Data: 41542B48545450504F4C4C494E473D310D0A
2026-04-30 19:28:39.715 [PortIO.cs:62] ReadPort get:2 read:2 | Data: 4F4B000000000000000000000000000000000000000000000000000000000000
2026-04-30 19:28:39.716 [PortIO.cs:43] WritePort result:True | Data: 1BF016
2026-04-30 19:28:39.731 [PortIO.cs:62] ReadPort get:2 read:2 | Data: 4F4B000000000000000000000000000000000000000000000000000000000000
2026-04-30 19:28:39.733 [PortIO.cs:43] WritePort result:True | Data: 100601
2026-04-30 19:28:40.245 [PortIO.cs:70] ClosePort result:success
2026-04-30 19:29:15.591 [PortIO.cs:29] OpenPort result:True
2026-04-30 19:29:15.593 [PortIO.cs:43] WritePort result:True | Data: 1BF006
2026-04-30 19:29:15.607 [PortIO.cs:62] ReadPort get:2 read:2 | Data: 4F4B000000000000000000000000000000000000000000000000000000000000
2026-04-30 19:29:15.608 [PortIO.cs:43] WritePort result:True | Data: 41542B434C4F5544545950453D320D0A
2026-04-30 19:29:15.623 [PortIO.cs:62] ReadPort get:2 read:2 | Data: 4F4B000000000000000000000000000000000000000000000000000000000000
2026-04-30 19:29:15.626 [PortIO.cs:43] WritePort result:True | Data: 41542B4854545055524C3D31332E3231302E3132372E34300D0A
2026-04-30 19:29:15.638 [PortIO.cs:62] ReadPort get:2 read:2 | Data: 4F4B000000000000000000000000000000000000000000000000000000000000
2026-04-30 19:29:15.639 [PortIO.cs:43] WritePort result:True | Data: 41542B48545450504154483D2F666173746170692F696E666F0D0A
2026-04-30 19:29:15.654 [PortIO.cs:62] ReadPort get:2 read:2 | Data: 4F4B000000000000000000000000000000000000000000000000000000000000
2026-04-30 19:29:15.655 [PortIO.cs:43] WritePort result:True | Data: 41542B4854545049443D303136323630323036303030320D0A
2026-04-30 19:29:15.670 [PortIO.cs:62] ReadPort get:2 read:2 | Data: 4F4B000000000000000000000000000000000000000000000000000000000000
2026-04-30 19:29:15.671 [PortIO.cs:43] WritePort result:True | Data: 41542B48545450504F4C4C494E473D3130300D0A
2026-04-30 19:29:15.762 [PortIO.cs:62] ReadPort get:2 read:2 | Data: 4F4B000000000000000000000000000000000000000000000000000000000000
2026-04-30 19:29:15.763 [PortIO.cs:43] WritePort result:True | Data: 1BF016
2026-04-30 19:29:15.778 [PortIO.cs:62] ReadPort get:2 read:2 | Data: 4F4B000000000000000000000000000000000000000000000000000000000000
2026-04-30 19:29:15.780 [PortIO.cs:43] WritePort result:True | Data: 100601
2026-04-30 19:29:16.293 [PortIO.cs:70] ClosePort result:success
2026-04-30 19:29:47.799 [PortIO.cs:29] OpenPort result:True
2026-04-30 19:29:47.801 [PortIO.cs:43] WritePort result:True | Data: 1BF006
2026-04-30 19:29:47.814 [PortIO.cs:62] ReadPort get:2 read:2 | Data: 4F4B000000000000000000000000000000000000000000000000000000000000
2026-04-30 19:29:47.816 [PortIO.cs:43] WritePort result:True | Data: 41542B57494649535349443D225468696E636C6162222C22496E6E6F766174696F6E32303137220D0A
2026-04-30 19:29:47.829 [PortIO.cs:62] ReadPort get:2 read:2 | Data: 4F4B000000000000000000000000000000000000000000000000000000000000
2026-04-30 19:29:47.831 [PortIO.cs:43] WritePort result:True | Data: 41542B574946494E49503D310D0A
2026-04-30 19:29:47.859 [PortIO.cs:62] ReadPort get:2 read:2 | Data: 4F4B000000000000000000000000000000000000000000000000000000000000
2026-04-30 19:29:47.860 [PortIO.cs:43] WritePort result:True | Data: 1BF016
2026-04-30 19:29:47.875 [PortIO.cs:62] ReadPort get:2 read:2 | Data: 4F4B000000000000000000000000000000000000000000000000000000000000
2026-04-30 19:29:47.877 [PortIO.cs:43] WritePort result:True | Data: 100601
2026-04-30 19:29:48.393 [PortIO.cs:70] ClosePort result:success
2026-04-30 19:30:40.780 [PortIO.cs:29] OpenPort result:True
2026-04-30 19:30:40.784 [PortIO.cs:43] WritePort result:True | Data: 1BF006
2026-04-30 19:30:40.796 [PortIO.cs:62] ReadPort get:2 read:2 | Data: 4F4B000000000000000000000000000000000000000000000000000000000000
2026-04-30 19:30:40.797 [PortIO.cs:43] WritePort result:True | Data: 41542B434C4F5544545950453D320D0A
2026-04-30 19:30:40.811 [PortIO.cs:62] ReadPort get:2 read:2 | Data: 4F4B000000000000000000000000000000000000000000000000000000000000
2026-04-30 19:30:40.812 [PortIO.cs:43] WritePort result:True | Data: 41542B4854545055524C3D31332E3231302E3132372E34300D0A
2026-04-30 19:30:40.827 [PortIO.cs:62] ReadPort get:2 read:2 | Data: 4F4B000000000000000000000000000000000000000000000000000000000000
2026-04-30 19:30:40.828 [PortIO.cs:43] WritePort result:True | Data: 41542B48545450504154483D2F666173746170692F696E666F0D0A
2026-04-30 19:30:40.842 [PortIO.cs:62] ReadPort get:2 read:2 | Data: 4F4B000000000000000000000000000000000000000000000000000000000000
2026-04-30 19:30:40.843 [PortIO.cs:43] WritePort result:True | Data: 41542B4854545049443D303136323630323036303030320D0A
2026-04-30 19:30:40.858 [PortIO.cs:62] ReadPort get:2 read:2 | Data: 4F4B000000000000000000000000000000000000000000000000000000000000
2026-04-30 19:30:40.859 [PortIO.cs:43] WritePort result:True | Data: 41542B48545450504F4C4C494E473D310D0A
2026-04-30 19:30:40.936 [PortIO.cs:62] ReadPort get:2 read:2 | Data: 4F4B000000000000000000000000000000000000000000000000000000000000
2026-04-30 19:30:40.936 [PortIO.cs:43] WritePort result:True | Data: 1BF016
2026-04-30 19:30:40.951 [PortIO.cs:62] ReadPort get:2 read:2 | Data: 4F4B000000000000000000000000000000000000000000000000000000000000
2026-04-30 19:30:40.952 [PortIO.cs:43] WritePort result:True | Data: 100601
2026-04-30 19:30:41.466 [PortIO.cs:70] ClosePort result:success
2026-04-30 19:31:47.124 [PortIO.cs:29] OpenPort result:True
2026-04-30 19:31:47.126 [PortIO.cs:43] WritePort result:True | Data: 1BF006
2026-04-30 19:31:47.140 [PortIO.cs:62] ReadPort get:2 read:2 | Data: 4F4B000000000000000000000000000000000000000000000000000000000000
2026-04-30 19:31:47.141 [PortIO.cs:43] WritePort result:True | Data: 41542B434C4F5544545950453D330D0A
2026-04-30 19:31:47.202 [PortIO.cs:62] ReadPort get:2 read:2 | Data: 4F4B000000000000000000000000000000000000000000000000000000000000
2026-04-30 19:31:47.203 [PortIO.cs:43] WritePort result:True | Data: 41542B4D51545455524C3D613271734E7355665278552E696F742D61732D6D7174742E61702D736F757468656173742D312E616C6979756E63732E636F6D0D0A
2026-04-30 19:31:47.265 [PortIO.cs:62] ReadPort get:2 read:2 | Data: 4F4B000000000000000000000000000000000000000000000000000000000000
2026-04-30 19:31:47.266 [PortIO.cs:43] WritePort result:True | Data: 41542B4D515454504F52543D313838330D0A
2026-04-30 19:31:47.280 [PortIO.cs:62] ReadPort get:2 read:2 | Data: 4F4B000000000000000000000000000000000000000000000000000000000000
2026-04-30 19:31:47.282 [PortIO.cs:43] WritePort result:True | Data: 41542B4D5154544445564943454E414D453D696F742D746573743126613271734E7355665278550D0A
2026-04-30 19:31:47.311 [PortIO.cs:62] ReadPort get:2 read:2 | Data: 4F4B000000000000000000000000000000000000000000000000000000000000
2026-04-30 19:31:47.312 [PortIO.cs:43] WritePort result:True | Data: 41542B4D51545444455649434549443D6D717474785F30393530306532307C7365637572656D6F64653D322C7369676E6D6574686F643D686D6163736861312C74696D657374616D703D313737373434353036333330357C0D0A
2026-04-30 19:31:47.374 [PortIO.cs:62] ReadPort get:2 read:2 | Data: 4F4B000000000000000000000000000000000000000000000000000000000000
2026-04-30 19:31:47.375 [PortIO.cs:43] WritePort result:True | Data: 41542B4D51545450415353574F52443D384236414135444430413032333238333041443945433737333632383234333945434639433432450D0A
2026-04-30 19:31:47.390 [PortIO.cs:62] ReadPort get:2 read:2 | Data: 4F4B000000000000000000000000000000000000000000000000000000000000
2026-04-30 19:31:47.391 [PortIO.cs:43] WritePort result:True | Data: 41542B4D515454544F5049433D2F613271734E7355665278552F696F742D74657374312F757365722F646174612C2F613271734E7355665278552F696F742D74657374312F757365722F7374617475730D0A
2026-04-30 19:31:47.467 [PortIO.cs:62] ReadPort get:2 read:2 | Data: 4F4B000000000000000000000000000000000000000000000000000000000000
2026-04-30 19:31:47.468 [PortIO.cs:43] WritePort result:True | Data: 41542B4D51545450494E473D310D0A
2026-04-30 19:31:47.529 [PortIO.cs:62] ReadPort get:2 read:2 | Data: 4F4B000000000000000000000000000000000000000000000000000000000000
2026-04-30 19:31:47.531 [PortIO.cs:43] WritePort result:True | Data: 1BF016
2026-04-30 19:31:47.545 [PortIO.cs:62] ReadPort get:2 read:2 | Data: 4F4B000000000000000000000000000000000000000000000000000000000000
2026-04-30 19:31:47.548 [PortIO.cs:43] WritePort result:True | Data: 100601
2026-04-30 19:31:48.061 [PortIO.cs:70] ClosePort result:success
2026-04-30 19:35:11.194 [PortIO.cs:29] OpenPort result:True
2026-04-30 19:35:11.197 [PortIO.cs:43] WritePort result:True | Data: 1BF006
2026-04-30 19:35:11.210 [PortIO.cs:62] ReadPort get:2 read:2 | Data: 4F4B000000000000000000000000000000000000000000000000000000000000
2026-04-30 19:35:11.212 [PortIO.cs:43] WritePort result:True | Data: 41542B434C4F5544545950453D330D0A
2026-04-30 19:35:11.226 [PortIO.cs:62] ReadPort get:2 read:2 | Data: 4F4B000000000000000000000000000000000000000000000000000000000000
2026-04-30 19:35:11.228 [PortIO.cs:43] WritePort result:True | Data: 41542B4D51545455524C3D687474703A2F2F31332E3231302E3132372E34303A383038302F666173746170692F0D0A
2026-04-30 19:35:11.289 [PortIO.cs:62] ReadPort get:2 read:2 | Data: 4F4B000000000000000000000000000000000000000000000000000000000000
2026-04-30 19:35:11.290 [PortIO.cs:43] WritePort result:True | Data: 41542B4D515454504F52543D313838330D0A
2026-04-30 19:35:11.305 [PortIO.cs:62] ReadPort get:2 read:2 | Data: 4F4B000000000000000000000000000000000000000000000000000000000000
2026-04-30 19:35:11.306 [PortIO.cs:43] WritePort result:True | Data: 41542B4D5154544445564943454E414D453D696F742D746573743126613271734E7355665278550D0A
2026-04-30 19:35:11.320 [PortIO.cs:62] ReadPort get:2 read:2 | Data: 4F4B000000000000000000000000000000000000000000000000000000000000
2026-04-30 19:35:11.323 [PortIO.cs:43] WritePort result:True | Data: 41542B4D51545444455649434549443D6D717474785F30393530306532307C7365637572656D6F64653D322C7369676E6D6574686F643D686D6163736861312C74696D657374616D703D313737373434353036333330357C0D0A
2026-04-30 19:35:11.352 [PortIO.cs:62] ReadPort get:2 read:2 | Data: 4F4B000000000000000000000000000000000000000000000000000000000000
2026-04-30 19:35:11.353 [PortIO.cs:43] WritePort result:True | Data: 41542B4D51545450415353574F52443D384236414135444430413032333238333041443945433737333632383234333945434639433432450D0A
2026-04-30 19:35:11.367 [PortIO.cs:62] ReadPort get:2 read:2 | Data: 4F4B000000000000000000000000000000000000000000000000000000000000
2026-04-30 19:35:11.368 [PortIO.cs:43] WritePort result:True | Data: 41542B4D515454544F5049433D2F613271734E7355665278552F696F742D74657374312F757365722F646174612C2F613271734E7355665278552F696F742D74657374312F757365722F7374617475730D0A
2026-04-30 19:35:11.383 [PortIO.cs:62] ReadPort get:2 read:2 | Data: 4F4B000000000000000000000000000000000000000000000000000000000000
2026-04-30 19:35:11.384 [PortIO.cs:43] WritePort result:True | Data: 41542B4D51545450494E473D310D0A
2026-04-30 19:35:11.398 [PortIO.cs:62] ReadPort get:2 read:2 | Data: 4F4B000000000000000000000000000000000000000000000000000000000000
2026-04-30 19:35:11.402 [PortIO.cs:43] WritePort result:True | Data: 1BF016
2026-04-30 19:35:11.414 [PortIO.cs:62] ReadPort get:2 read:2 | Data: 4F4B000000000000000000000000000000000000000000000000000000000000
2026-04-30 19:35:11.416 [PortIO.cs:43] WritePort result:True | Data: 100601
2026-04-30 19:35:11.929 [PortIO.cs:70] ClosePort result:success
2026-04-30 19:41:14.907 [PortIO.cs:29] OpenPort result:True
2026-04-30 19:41:14.909 [PortIO.cs:43] WritePort result:True | Data: 1BF006
2026-04-30 19:41:14.922 [PortIO.cs:62] ReadPort get:2 read:2 | Data: 4F4B000000000000000000000000000000000000000000000000000000000000
2026-04-30 19:41:14.923 [PortIO.cs:43] WritePort result:True | Data: 41542B434C4F5544545950453D330D0A
2026-04-30 19:41:14.938 [PortIO.cs:62] ReadPort get:2 read:2 | Data: 4F4B000000000000000000000000000000000000000000000000000000000000
2026-04-30 19:41:14.940 [PortIO.cs:43] WritePort result:True | Data: 41542B4D51545455524C3D31332E3231302E3132372E34300D0A
2026-04-30 19:41:15.000 [PortIO.cs:62] ReadPort get:2 read:2 | Data: 4F4B000000000000000000000000000000000000000000000000000000000000
2026-04-30 19:41:15.001 [PortIO.cs:43] WritePort result:True | Data: 41542B4D515454504F52543D313838330D0A
2026-04-30 19:41:15.015 [PortIO.cs:62] ReadPort get:2 read:2 | Data: 4F4B000000000000000000000000000000000000000000000000000000000000
2026-04-30 19:41:15.016 [PortIO.cs:43] WritePort result:True | Data: 41542B4D5154544445564943454E414D453D7072696E746572310D0A
2026-04-30 19:41:15.093 [PortIO.cs:62] ReadPort get:2 read:2 | Data: 4F4B000000000000000000000000000000000000000000000000000000000000
2026-04-30 19:41:15.094 [PortIO.cs:43] WritePort result:True | Data: 41542B4D51545444455649434549443D7072696E746572310D0A
2026-04-30 19:41:15.172 [PortIO.cs:62] ReadPort get:2 read:2 | Data: 4F4B000000000000000000000000000000000000000000000000000000000000
2026-04-30 19:41:15.173 [PortIO.cs:43] WritePort result:True | Data: 41542B4D51545450415353574F52443D0D0A
2026-04-30 19:41:15.188 [PortIO.cs:62] ReadPort get:2 read:2 | Data: 4F4B000000000000000000000000000000000000000000000000000000000000
2026-04-30 19:41:15.190 [PortIO.cs:43] WritePort result:True | Data: 41542B4D515454544F5049433D7072696E7465722F3131312F6A6F622C7072696E7465722F3131312F7374617475730D0A
2026-04-30 19:41:15.265 [PortIO.cs:62] ReadPort get:2 read:2 | Data: 4F4B000000000000000000000000000000000000000000000000000000000000
2026-04-30 19:41:15.266 [PortIO.cs:43] WritePort result:True | Data: 41542B4D51545450494E473D310D0A
2026-04-30 19:41:15.281 [PortIO.cs:62] ReadPort get:2 read:2 | Data: 4F4B000000000000000000000000000000000000000000000000000000000000
2026-04-30 19:41:15.283 [PortIO.cs:43] WritePort result:True | Data: 1BF016
2026-04-30 19:41:15.297 [PortIO.cs:62] ReadPort get:2 read:2 | Data: 4F4B000000000000000000000000000000000000000000000000000000000000
2026-04-30 19:41:15.299 [PortIO.cs:43] WritePort result:True | Data: 100601
2026-04-30 19:41:15.811 [PortIO.cs:70] ClosePort result:success
2026-04-30 19:42:12.942 [PortIO.cs:29] OpenPort result:True
2026-04-30 19:42:12.945 [PortIO.cs:43] WritePort result:True | Data: 1BF006
2026-04-30 19:42:12.958 [PortIO.cs:62] ReadPort get:2 read:2 | Data: 4F4B000000000000000000000000000000000000000000000000000000000000
2026-04-30 19:42:12.959 [PortIO.cs:43] WritePort result:True | Data: 41542B434C4F5544545950453D320D0A
2026-04-30 19:42:12.973 [PortIO.cs:62] ReadPort get:2 read:2 | Data: 4F4B000000000000000000000000000000000000000000000000000000000000
2026-04-30 19:42:12.974 [PortIO.cs:43] WritePort result:True | Data: 41542B4854545055524C3D31332E3231302E3132372E34300D0A
2026-04-30 19:42:12.989 [PortIO.cs:62] ReadPort get:2 read:2 | Data: 4F4B000000000000000000000000000000000000000000000000000000000000
2026-04-30 19:42:12.990 [PortIO.cs:43] WritePort result:True | Data: 41542B48545450504154483D2F0D0A
2026-04-30 19:42:13.005 [PortIO.cs:62] ReadPort get:2 read:2 | Data: 4F4B000000000000000000000000000000000000000000000000000000000000
2026-04-30 19:42:13.006 [PortIO.cs:43] WritePort result:True | Data: 41542B4854545049443D303136323630323036303030320D0A
2026-04-30 19:42:13.082 [PortIO.cs:62] ReadPort get:2 read:2 | Data: 4F4B000000000000000000000000000000000000000000000000000000000000
2026-04-30 19:42:13.083 [PortIO.cs:43] WritePort result:True | Data: 41542B48545450504F4C4C494E473D310D0A
2026-04-30 19:42:13.097 [PortIO.cs:62] ReadPort get:2 read:2 | Data: 4F4B000000000000000000000000000000000000000000000000000000000000
2026-04-30 19:42:13.099 [PortIO.cs:43] WritePort result:True | Data: 1BF016
2026-04-30 19:42:13.113 [PortIO.cs:62] ReadPort get:2 read:2 | Data: 4F4B000000000000000000000000000000000000000000000000000000000000
2026-04-30 19:42:13.115 [PortIO.cs:43] WritePort result:True | Data: 100601
2026-04-30 19:42:13.627 [PortIO.cs:70] ClosePort result:success
2026-04-30 19:43:08.909 [PortIO.cs:29] OpenPort result:True
2026-04-30 19:43:08.911 [PortIO.cs:43] WritePort result:True | Data: 1BF006
2026-04-30 19:43:08.925 [PortIO.cs:62] ReadPort get:2 read:2 | Data: 4F4B000000000000000000000000000000000000000000000000000000000000
2026-04-30 19:43:08.926 [PortIO.cs:43] WritePort result:True | Data: 41542B434C4F5544545950453D310D0A
2026-04-30 19:43:09.004 [PortIO.cs:62] ReadPort get:2 read:2 | Data: 4F4B000000000000000000000000000000000000000000000000000000000000
2026-04-30 19:43:09.005 [PortIO.cs:43] WritePort result:True | Data: 41542B434C4F554455524C3D31332E3231302E3132372E34302C383038300D0A
2026-04-30 19:43:09.082 [PortIO.cs:62] ReadPort get:2 read:2 | Data: 4F4B000000000000000000000000000000000000000000000000000000000000
2026-04-30 19:43:09.082 [PortIO.cs:43] WritePort result:True | Data: 41542B434C4F554449443D303136323630323036303030320D0A
2026-04-30 19:43:09.097 [PortIO.cs:62] ReadPort get:2 read:2 | Data: 4F4B000000000000000000000000000000000000000000000000000000000000
2026-04-30 19:43:09.098 [PortIO.cs:43] WritePort result:True | Data: 1BF016
2026-04-30 19:43:09.113 [PortIO.cs:62] ReadPort get:2 read:2 | Data: 4F4B000000000000000000000000000000000000000000000000000000000000
2026-04-30 19:43:09.114 [PortIO.cs:43] WritePort result:True | Data: 100601
2026-04-30 19:43:09.624 [PortIO.cs:70] ClosePort result:success
2026-04-30 19:43:50.645 [PortIO.cs:29] OpenPort result:True
2026-04-30 19:43:50.648 [PortIO.cs:43] WritePort result:True | Data: 1BF006
2026-04-30 19:43:50.661 [PortIO.cs:62] ReadPort get:2 read:2 | Data: 4F4B000000000000000000000000000000000000000000000000000000000000
2026-04-30 19:43:50.662 [PortIO.cs:43] WritePort result:True | Data: 41542B57494649535349443D225468696E636C6162222C22496E6E6F766174696F6E32303137220D0A
2026-04-30 19:43:50.677 [PortIO.cs:62] ReadPort get:2 read:2 | Data: 4F4B000000000000000000000000000000000000000000000000000000000000
2026-04-30 19:43:50.680 [PortIO.cs:43] WritePort result:True | Data: 41542B574946494E49503D310D0A
2026-04-30 19:43:50.707 [PortIO.cs:62] ReadPort get:2 read:2 | Data: 4F4B000000000000000000000000000000000000000000000000000000000000
2026-04-30 19:43:50.709 [PortIO.cs:43] WritePort result:True | Data: 1BF016
2026-04-30 19:43:50.722 [PortIO.cs:62] ReadPort get:2 read:2 | Data: 4F4B000000000000000000000000000000000000000000000000000000000000
2026-04-30 19:43:50.724 [PortIO.cs:43] WritePort result:True | Data: 100601
2026-04-30 19:43:51.236 [PortIO.cs:70] ClosePort result:success
2026-04-30 19:47:26.069 [PortIO.cs:29] OpenPort result:True
2026-04-30 19:47:26.070 [PortIO.cs:43] WritePort result:True | Data: 1BF006
2026-04-30 19:47:26.084 [PortIO.cs:62] ReadPort get:2 read:2 | Data: 4F4B000000000000000000000000000000000000000000000000000000000000
2026-04-30 19:47:26.085 [PortIO.cs:43] WritePort result:True | Data: 41542B434C4F5544545950453D330D0A
2026-04-30 19:47:26.162 [PortIO.cs:62] ReadPort get:2 read:2 | Data: 4F4B000000000000000000000000000000000000000000000000000000000000
2026-04-30 19:47:26.163 [PortIO.cs:43] WritePort result:True | Data: 41542B4D51545455524C3D31302E31332E3137372E31340D0A
2026-04-30 19:47:26.240 [PortIO.cs:62] ReadPort get:2 read:2 | Data: 4F4B000000000000000000000000000000000000000000000000000000000000
2026-04-30 19:47:26.241 [PortIO.cs:43] WritePort result:True | Data: 41542B4D515454504F52543D383830300D0A
2026-04-30 19:47:26.317 [PortIO.cs:62] ReadPort get:2 read:2 | Data: 4F4B000000000000000000000000000000000000000000000000000000000000
2026-04-30 19:47:26.318 [PortIO.cs:43] WritePort result:True | Data: 41542B4D5154544445564943454E414D453D7072696E746572310D0A
2026-04-30 19:47:26.333 [PortIO.cs:62] ReadPort get:2 read:2 | Data: 4F4B000000000000000000000000000000000000000000000000000000000000
2026-04-30 19:47:26.334 [PortIO.cs:43] WritePort result:True | Data: 41542B4D51545444455649434549443D7072696E746572310D0A
2026-04-30 19:47:26.395 [PortIO.cs:62] ReadPort get:2 read:2 | Data: 4F4B000000000000000000000000000000000000000000000000000000000000
2026-04-30 19:47:26.396 [PortIO.cs:43] WritePort result:True | Data: 41542B4D51545450415353574F52443D0D0A
2026-04-30 19:47:26.427 [PortIO.cs:62] ReadPort get:2 read:2 | Data: 4F4B000000000000000000000000000000000000000000000000000000000000
2026-04-30 19:47:26.428 [PortIO.cs:43] WritePort result:True | Data: 41542B4D515454544F5049433D7072696E7465722F3131312F6A6F622C7072696E7465722F3131312F7374617475730D0A
2026-04-30 19:47:26.488 [PortIO.cs:62] ReadPort get:2 read:2 | Data: 4F4B000000000000000000000000000000000000000000000000000000000000
2026-04-30 19:47:26.490 [PortIO.cs:43] WritePort result:True | Data: 41542B4D51545450494E473D310D0A
2026-04-30 19:47:26.504 [PortIO.cs:62] ReadPort get:2 read:2 | Data: 4F4B000000000000000000000000000000000000000000000000000000000000
2026-04-30 19:47:26.506 [PortIO.cs:43] WritePort result:True | Data: 1BF016
2026-04-30 19:47:26.520 [PortIO.cs:62] ReadPort get:2 read:2 | Data: 4F4B000000000000000000000000000000000000000000000000000000000000
2026-04-30 19:47:26.522 [PortIO.cs:43] WritePort result:True | Data: 100601
2026-04-30 19:47:27.037 [PortIO.cs:70] ClosePort result:success
2026-04-30 19:48:03.137 [PortIO.cs:29] OpenPort result:True
2026-04-30 19:48:03.139 [PortIO.cs:43] WritePort result:True | Data: 1BF006
2026-04-30 19:48:03.153 [PortIO.cs:62] ReadPort get:2 read:2 | Data: 4F4B000000000000000000000000000000000000000000000000000000000000
2026-04-30 19:48:03.154 [PortIO.cs:43] WritePort result:True | Data: 41542B434C4F5544545950453D330D0A
2026-04-30 19:48:03.169 [PortIO.cs:62] ReadPort get:2 read:2 | Data: 4F4B000000000000000000000000000000000000000000000000000000000000
2026-04-30 19:48:03.170 [PortIO.cs:43] WritePort result:True | Data: 41542B4D51545455524C3D687474703A2F2F31302E31332E3137372E31340D0A
2026-04-30 19:48:03.232 [PortIO.cs:62] ReadPort get:2 read:2 | Data: 4F4B000000000000000000000000000000000000000000000000000000000000
2026-04-30 19:48:03.234 [PortIO.cs:43] WritePort result:True | Data: 41542B4D515454504F52543D383830300D0A
2026-04-30 19:48:03.248 [PortIO.cs:62] ReadPort get:2 read:2 | Data: 4F4B000000000000000000000000000000000000000000000000000000000000
2026-04-30 19:48:03.249 [PortIO.cs:43] WritePort result:True | Data: 41542B4D5154544445564943454E414D453D7072696E746572310D0A
2026-04-30 19:48:03.263 [PortIO.cs:62] ReadPort get:2 read:2 | Data: 4F4B000000000000000000000000000000000000000000000000000000000000
2026-04-30 19:48:03.265 [PortIO.cs:43] WritePort result:True | Data: 41542B4D51545444455649434549443D7072696E746572310D0A
2026-04-30 19:48:03.279 [PortIO.cs:62] ReadPort get:2 read:2 | Data: 4F4B000000000000000000000000000000000000000000000000000000000000
2026-04-30 19:48:03.280 [PortIO.cs:43] WritePort result:True | Data: 41542B4D51545450415353574F52443D0D0A
2026-04-30 19:48:03.295 [PortIO.cs:62] ReadPort get:2 read:2 | Data: 4F4B000000000000000000000000000000000000000000000000000000000000
2026-04-30 19:48:03.296 [PortIO.cs:43] WritePort result:True | Data: 41542B4D515454544F5049433D7072696E7465722F3131312F6A6F622C7072696E7465722F3131312F7374617475730D0A
2026-04-30 19:48:03.327 [PortIO.cs:62] ReadPort get:2 read:2 | Data: 4F4B000000000000000000000000000000000000000000000000000000000000
2026-04-30 19:48:03.329 [PortIO.cs:43] WritePort result:True | Data: 41542B4D51545450494E473D310D0A
2026-04-30 19:48:03.343 [PortIO.cs:62] ReadPort get:2 read:2 | Data: 4F4B000000000000000000000000000000000000000000000000000000000000
2026-04-30 19:48:03.344 [PortIO.cs:43] WritePort result:True | Data: 1BF016
2026-04-30 19:48:03.358 [PortIO.cs:62] ReadPort get:2 read:2 | Data: 4F4B000000000000000000000000000000000000000000000000000000000000
2026-04-30 19:48:03.359 [PortIO.cs:43] WritePort result:True | Data: 100601
2026-04-30 19:48:03.873 [PortIO.cs:70] ClosePort result:success
2026-04-30 19:48:19.490 [PortIO.cs:29] OpenPort result:True
2026-04-30 19:48:19.493 [PortIO.cs:43] WritePort result:True | Data: 1BF006
2026-04-30 19:48:19.506 [PortIO.cs:62] ReadPort get:2 read:2 | Data: 4F4B000000000000000000000000000000000000000000000000000000000000
2026-04-30 19:48:19.508 [PortIO.cs:43] WritePort result:True | Data: 41542B434C4F5544545950453D330D0A
2026-04-30 19:48:19.521 [PortIO.cs:62] ReadPort get:2 read:2 | Data: 4F4B000000000000000000000000000000000000000000000000000000000000
2026-04-30 19:48:19.524 [PortIO.cs:43] WritePort result:True | Data: 41542B4D51545455524C3D687474703A2F2F31302E31332E3137372E31342F666173746170690D0A
2026-04-30 19:48:19.583 [PortIO.cs:62] ReadPort get:2 read:2 | Data: 4F4B000000000000000000000000000000000000000000000000000000000000
2026-04-30 19:48:19.585 [PortIO.cs:43] WritePort result:True | Data: 41542B4D515454504F52543D383830300D0A
2026-04-30 19:48:19.599 [PortIO.cs:62] ReadPort get:2 read:2 | Data: 4F4B000000000000000000000000000000000000000000000000000000000000
2026-04-30 19:48:19.601 [PortIO.cs:43] WritePort result:True | Data: 41542B4D5154544445564943454E414D453D7072696E746572310D0A
2026-04-30 19:48:19.615 [PortIO.cs:62] ReadPort get:2 read:2 | Data: 4F4B000000000000000000000000000000000000000000000000000000000000
2026-04-30 19:48:19.616 [PortIO.cs:43] WritePort result:True | Data: 41542B4D51545444455649434549443D7072696E746572310D0A
2026-04-30 19:48:19.646 [PortIO.cs:62] ReadPort get:2 read:2 | Data: 4F4B000000000000000000000000000000000000000000000000000000000000
2026-04-30 19:48:19.647 [PortIO.cs:43] WritePort result:True | Data: 41542B4D51545450415353574F52443D0D0A
2026-04-30 19:48:19.661 [PortIO.cs:62] ReadPort get:2 read:2 | Data: 4F4B000000000000000000000000000000000000000000000000000000000000
2026-04-30 19:48:19.662 [PortIO.cs:43] WritePort result:True | Data: 41542B4D515454544F5049433D7072696E7465722F3131312F6A6F622C7072696E7465722F3131312F7374617475730D0A
2026-04-30 19:48:19.676 [PortIO.cs:62] ReadPort get:2 read:2 | Data: 4F4B000000000000000000000000000000000000000000000000000000000000
2026-04-30 19:48:19.677 [PortIO.cs:43] WritePort result:True | Data: 41542B4D51545450494E473D310D0A
2026-04-30 19:48:19.692 [PortIO.cs:62] ReadPort get:2 read:2 | Data: 4F4B000000000000000000000000000000000000000000000000000000000000
2026-04-30 19:48:19.694 [PortIO.cs:43] WritePort result:True | Data: 1BF016
2026-04-30 19:48:19.708 [PortIO.cs:62] ReadPort get:2 read:2 | Data: 4F4B000000000000000000000000000000000000000000000000000000000000
2026-04-30 19:48:19.710 [PortIO.cs:43] WritePort result:True | Data: 100601
2026-04-30 19:48:20.220 [PortIO.cs:70] ClosePort result:success
2026-04-30 19:49:26.085 [PortIO.cs:29] OpenPort result:True
2026-04-30 19:49:26.087 [PortIO.cs:43] WritePort result:True | Data: 1BF006
2026-04-30 19:49:26.101 [PortIO.cs:62] ReadPort get:2 read:2 | Data: 4F4B000000000000000000000000000000000000000000000000000000000000
2026-04-30 19:49:26.102 [PortIO.cs:43] WritePort result:True | Data: 41542B434C4F5544545950453D330D0A
2026-04-30 19:49:26.117 [PortIO.cs:62] ReadPort get:2 read:2 | Data: 4F4B000000000000000000000000000000000000000000000000000000000000
2026-04-30 19:49:26.119 [PortIO.cs:43] WritePort result:True | Data: 41542B4D51545455524C3D687474703A2F2F31302E31332E3137372E31342F666173746170690D0A
2026-04-30 19:49:26.132 [PortIO.cs:62] ReadPort get:2 read:2 | Data: 4F4B000000000000000000000000000000000000000000000000000000000000
2026-04-30 19:49:26.133 [PortIO.cs:43] WritePort result:True | Data: 41542B4D515454504F52543D383830300D0A
2026-04-30 19:49:26.148 [PortIO.cs:62] ReadPort get:2 read:2 | Data: 4F4B000000000000000000000000000000000000000000000000000000000000
2026-04-30 19:49:26.149 [PortIO.cs:43] WritePort result:True | Data: 41542B4D5154544445564943454E414D453D7072696E746572310D0A
2026-04-30 19:49:26.164 [PortIO.cs:62] ReadPort get:2 read:2 | Data: 4F4B000000000000000000000000000000000000000000000000000000000000
2026-04-30 19:49:26.165 [PortIO.cs:43] WritePort result:True | Data: 41542B4D51545444455649434549443D7072696E746572310D0A
2026-04-30 19:49:26.179 [PortIO.cs:62] ReadPort get:2 read:2 | Data: 4F4B000000000000000000000000000000000000000000000000000000000000
2026-04-30 19:49:26.181 [PortIO.cs:43] WritePort result:True | Data: 41542B4D51545450415353574F52443D0D0A
2026-04-30 19:49:26.211 [PortIO.cs:62] ReadPort get:2 read:2 | Data: 4F4B000000000000000000000000000000000000000000000000000000000000
2026-04-30 19:49:26.213 [PortIO.cs:43] WritePort result:True | Data: 41542B4D515454544F5049433D7072696E7465722F3131312F6A6F622C7072696E7465722F3131312F7374617475730D0A
2026-04-30 19:49:26.226 [PortIO.cs:62] ReadPort get:2 read:2 | Data: 4F4B000000000000000000000000000000000000000000000000000000000000
2026-04-30 19:49:26.226 [PortIO.cs:43] WritePort result:True | Data: 41542B4D51545450494E473D310D0A
2026-04-30 19:49:26.242 [PortIO.cs:62] ReadPort get:2 read:2 | Data: 4F4B000000000000000000000000000000000000000000000000000000000000
2026-04-30 19:49:26.244 [PortIO.cs:43] WritePort result:True | Data: 1BF016
2026-04-30 19:49:26.258 [PortIO.cs:62] ReadPort get:2 read:2 | Data: 4F4B000000000000000000000000000000000000000000000000000000000000
2026-04-30 19:49:26.260 [PortIO.cs:43] WritePort result:True | Data: 100601
2026-04-30 19:49:26.775 [PortIO.cs:70] ClosePort result:success
2026-04-30 19:50:15.036 [PortIO.cs:29] OpenPort result:True
2026-04-30 19:50:15.039 [PortIO.cs:43] WritePort result:True | Data: 1BF006
2026-04-30 19:50:15.052 [PortIO.cs:62] ReadPort get:2 read:2 | Data: 4F4B000000000000000000000000000000000000000000000000000000000000
2026-04-30 19:50:15.053 [PortIO.cs:43] WritePort result:True | Data: 41542B434C4F5544545950453D330D0A
2026-04-30 19:50:15.067 [PortIO.cs:62] ReadPort get:2 read:2 | Data: 4F4B000000000000000000000000000000000000000000000000000000000000
2026-04-30 19:50:15.069 [PortIO.cs:43] WritePort result:True | Data: 41542B4D51545455524C3D31302E31332E3137372E31342F666173746170690D0A
2026-04-30 19:50:15.129 [PortIO.cs:62] ReadPort get:2 read:2 | Data: 4F4B000000000000000000000000000000000000000000000000000000000000
2026-04-30 19:50:15.130 [PortIO.cs:43] WritePort result:True | Data: 41542B4D515454504F52543D383830300D0A
2026-04-30 19:50:15.144 [PortIO.cs:62] ReadPort get:2 read:2 | Data: 4F4B000000000000000000000000000000000000000000000000000000000000
2026-04-30 19:50:15.145 [PortIO.cs:43] WritePort result:True | Data: 41542B4D5154544445564943454E414D453D7072696E746572310D0A
2026-04-30 19:50:15.160 [PortIO.cs:62] ReadPort get:2 read:2 | Data: 4F4B000000000000000000000000000000000000000000000000000000000000
2026-04-30 19:50:15.162 [PortIO.cs:43] WritePort result:True | Data: 41542B4D51545444455649434549443D7072696E746572310D0A
2026-04-30 19:50:15.192 [PortIO.cs:62] ReadPort get:2 read:2 | Data: 4F4B000000000000000000000000000000000000000000000000000000000000
2026-04-30 19:50:15.193 [PortIO.cs:43] WritePort result:True | Data: 41542B4D51545450415353574F52443D0D0A
2026-04-30 19:50:15.208 [PortIO.cs:62] ReadPort get:2 read:2 | Data: 4F4B000000000000000000000000000000000000000000000000000000000000
2026-04-30 19:50:15.209 [PortIO.cs:43] WritePort result:True | Data: 41542B4D515454544F5049433D7072696E7465722F3131312F6A6F622C7072696E7465722F3131312F7374617475730D0A
2026-04-30 19:50:15.224 [PortIO.cs:62] ReadPort get:2 read:2 | Data: 4F4B000000000000000000000000000000000000000000000000000000000000
2026-04-30 19:50:15.225 [PortIO.cs:43] WritePort result:True | Data: 41542B4D51545450494E473D310D0A
2026-04-30 19:50:15.240 [PortIO.cs:62] ReadPort get:2 read:2 | Data: 4F4B000000000000000000000000000000000000000000000000000000000000
2026-04-30 19:50:15.242 [PortIO.cs:43] WritePort result:True | Data: 1BF016
2026-04-30 19:50:15.256 [PortIO.cs:62] ReadPort get:2 read:2 | Data: 4F4B000000000000000000000000000000000000000000000000000000000000
2026-04-30 19:50:15.258 [PortIO.cs:43] WritePort result:True | Data: 100601
2026-04-30 19:50:15.768 [PortIO.cs:70] ClosePort result:success
2026-04-30 19:51:12.971 [PortIO.cs:29] OpenPort result:True
2026-04-30 19:51:12.974 [PortIO.cs:43] WritePort result:True | Data: 1BF006
2026-04-30 19:51:12.987 [PortIO.cs:62] ReadPort get:2 read:2 | Data: 4F4B000000000000000000000000000000000000000000000000000000000000
2026-04-30 19:51:12.988 [PortIO.cs:43] WritePort result:True | Data: 41542B434C4F5544545950453D330D0A
2026-04-30 19:51:13.003 [PortIO.cs:62] ReadPort get:2 read:2 | Data: 4F4B000000000000000000000000000000000000000000000000000000000000
2026-04-30 19:51:13.005 [PortIO.cs:43] WritePort result:True | Data: 41542B4D51545455524C3D31302E31332E3137372E31340D0A
2026-04-30 19:51:13.018 [PortIO.cs:62] ReadPort get:2 read:2 | Data: 4F4B000000000000000000000000000000000000000000000000000000000000
2026-04-30 19:51:13.019 [PortIO.cs:43] WritePort result:True | Data: 41542B4D515454504F52543D383830300D0A
2026-04-30 19:51:13.050 [PortIO.cs:62] ReadPort get:2 read:2 | Data: 4F4B000000000000000000000000000000000000000000000000000000000000
2026-04-30 19:51:13.052 [PortIO.cs:43] WritePort result:True | Data: 41542B4D5154544445564943454E414D453D7072696E746572310D0A
2026-04-30 19:51:13.066 [PortIO.cs:62] ReadPort get:2 read:2 | Data: 4F4B000000000000000000000000000000000000000000000000000000000000
2026-04-30 19:51:13.068 [PortIO.cs:43] WritePort result:True | Data: 41542B4D51545444455649434549443D7072696E746572310D0A
2026-04-30 19:51:13.082 [PortIO.cs:62] ReadPort get:2 read:2 | Data: 4F4B000000000000000000000000000000000000000000000000000000000000
2026-04-30 19:51:13.083 [PortIO.cs:43] WritePort result:True | Data: 41542B4D51545450415353574F52443D0D0A
2026-04-30 19:51:13.097 [PortIO.cs:62] ReadPort get:2 read:2 | Data: 4F4B000000000000000000000000000000000000000000000000000000000000
2026-04-30 19:51:13.099 [PortIO.cs:43] WritePort result:True | Data: 41542B4D515454544F5049433D7072696E7465722F3131312F6A6F622C7072696E7465722F3131312F7374617475730D0A
2026-04-30 19:51:13.112 [PortIO.cs:62] ReadPort get:2 read:2 | Data: 4F4B000000000000000000000000000000000000000000000000000000000000
2026-04-30 19:51:13.114 [PortIO.cs:43] WritePort result:True | Data: 41542B4D51545450494E473D310D0A
2026-04-30 19:51:13.144 [PortIO.cs:62] ReadPort get:2 read:2 | Data: 4F4B000000000000000000000000000000000000000000000000000000000000
2026-04-30 19:51:13.146 [PortIO.cs:43] WritePort result:True | Data: 1BF016
2026-04-30 19:51:13.159 [PortIO.cs:62] ReadPort get:2 read:2 | Data: 4F4B000000000000000000000000000000000000000000000000000000000000
2026-04-30 19:51:13.162 [PortIO.cs:43] WritePort result:True | Data: 100601
2026-04-30 19:51:13.674 [PortIO.cs:70] ClosePort result:success
2026-04-30 19:51:56.202 [PortIO.cs:29] OpenPort result:True
2026-04-30 19:51:56.204 [PortIO.cs:43] WritePort result:True | Data: 1BF006
2026-04-30 19:51:56.218 [PortIO.cs:62] ReadPort get:2 read:2 | Data: 4F4B000000000000000000000000000000000000000000000000000000000000
2026-04-30 19:51:56.219 [PortIO.cs:43] WritePort result:True | Data: 41542B434C4F5544545950453D330D0A
2026-04-30 19:51:56.234 [PortIO.cs:62] ReadPort get:2 read:2 | Data: 4F4B000000000000000000000000000000000000000000000000000000000000
2026-04-30 19:51:56.235 [PortIO.cs:43] WritePort result:True | Data: 41542B4D51545455524C3D31302E31332E3137372E31340D0A
2026-04-30 19:51:56.249 [PortIO.cs:62] ReadPort get:2 read:2 | Data: 4F4B000000000000000000000000000000000000000000000000000000000000
2026-04-30 19:51:56.250 [PortIO.cs:43] WritePort result:True | Data: 41542B4D515454504F52543D383830300D0A
2026-04-30 19:51:56.265 [PortIO.cs:62] ReadPort get:2 read:2 | Data: 4F4B000000000000000000000000000000000000000000000000000000000000
2026-04-30 19:51:56.266 [PortIO.cs:43] WritePort result:True | Data: 41542B4D5154544445564943454E414D453D7072696E746572320D0A
2026-04-30 19:51:56.342 [PortIO.cs:62] ReadPort get:2 read:2 | Data: 4F4B000000000000000000000000000000000000000000000000000000000000
2026-04-30 19:51:56.343 [PortIO.cs:43] WritePort result:True | Data: 41542B4D51545444455649434549443D7072696E746572320D0A
2026-04-30 19:51:56.404 [PortIO.cs:62] ReadPort get:2 read:2 | Data: 4F4B000000000000000000000000000000000000000000000000000000000000
2026-04-30 19:51:56.405 [PortIO.cs:43] WritePort result:True | Data: 41542B4D51545450415353574F52443D0D0A
2026-04-30 19:51:56.419 [PortIO.cs:62] ReadPort get:2 read:2 | Data: 4F4B000000000000000000000000000000000000000000000000000000000000
2026-04-30 19:51:56.421 [PortIO.cs:43] WritePort result:True | Data: 41542B4D515454544F5049433D7072696E7465722F3131322F6A6F622C7072696E7465722F3131312F7374617475730D0A
2026-04-30 19:51:56.498 [PortIO.cs:62] ReadPort get:2 read:2 | Data: 4F4B000000000000000000000000000000000000000000000000000000000000
2026-04-30 19:51:56.499 [PortIO.cs:43] WritePort result:True | Data: 41542B4D51545450494E473D310D0A
2026-04-30 19:51:56.514 [PortIO.cs:62] ReadPort get:2 read:2 | Data: 4F4B000000000000000000000000000000000000000000000000000000000000
2026-04-30 19:51:56.516 [PortIO.cs:43] WritePort result:True | Data: 1BF016
2026-04-30 19:51:56.530 [PortIO.cs:62] ReadPort get:2 read:2 | Data: 4F4B000000000000000000000000000000000000000000000000000000000000
2026-04-30 19:51:56.533 [PortIO.cs:43] WritePort result:True | Data: 100601
2026-04-30 19:51:57.046 [PortIO.cs:70] ClosePort result:success
2026-04-30 19:52:46.287 [PortIO.cs:29] OpenPort result:True
2026-04-30 19:52:46.290 [PortIO.cs:43] WritePort result:True | Data: 1BF006
2026-04-30 19:52:46.303 [PortIO.cs:62] ReadPort get:2 read:2 | Data: 4F4B000000000000000000000000000000000000000000000000000000000000
2026-04-30 19:52:46.304 [PortIO.cs:43] WritePort result:True | Data: 41542B434C4F5544545950453D320D0A
2026-04-30 19:52:46.319 [PortIO.cs:62] ReadPort get:2 read:2 | Data: 4F4B000000000000000000000000000000000000000000000000000000000000
2026-04-30 19:52:46.320 [PortIO.cs:43] WritePort result:True | Data: 41542B4854545055524C3D31332E3231302E3132372E34300D0A
2026-04-30 19:52:46.396 [PortIO.cs:62] ReadPort get:2 read:2 | Data: 4F4B000000000000000000000000000000000000000000000000000000000000
2026-04-30 19:52:46.397 [PortIO.cs:43] WritePort result:True | Data: 41542B48545450504154483D2F666173746170690D0A
2026-04-30 19:52:46.474 [PortIO.cs:62] ReadPort get:2 read:2 | Data: 4F4B000000000000000000000000000000000000000000000000000000000000
2026-04-30 19:52:46.475 [PortIO.cs:43] WritePort result:True | Data: 41542B4854545049443D303136323630323036303030320D0A
2026-04-30 19:52:46.552 [PortIO.cs:62] ReadPort get:2 read:2 | Data: 4F4B000000000000000000000000000000000000000000000000000000000000
2026-04-30 19:52:46.553 [PortIO.cs:43] WritePort result:True | Data: 41542B48545450504F4C4C494E473D310D0A
2026-04-30 19:52:46.567 [PortIO.cs:62] ReadPort get:2 read:2 | Data: 4F4B000000000000000000000000000000000000000000000000000000000000
2026-04-30 19:52:46.568 [PortIO.cs:43] WritePort result:True | Data: 1BF016
2026-04-30 19:52:46.583 [PortIO.cs:62] ReadPort get:2 read:2 | Data: 4F4B000000000000000000000000000000000000000000000000000000000000
2026-04-30 19:52:46.584 [PortIO.cs:43] WritePort result:True | Data: 100601
2026-04-30 19:52:47.097 [PortIO.cs:70] ClosePort result:success
2026-04-30 19:53:12.995 [PortIO.cs:29] OpenPort result:True
2026-04-30 19:53:12.997 [PortIO.cs:43] WritePort result:True | Data: 1BF006
2026-04-30 19:53:13.012 [PortIO.cs:62] ReadPort get:2 read:2 | Data: 4F4B000000000000000000000000000000000000000000000000000000000000
2026-04-30 19:53:13.013 [PortIO.cs:43] WritePort result:True | Data: 41542B434C4F5544545950453D320D0A
2026-04-30 19:53:13.027 [PortIO.cs:62] ReadPort get:2 read:2 | Data: 4F4B000000000000000000000000000000000000000000000000000000000000
2026-04-30 19:53:13.028 [PortIO.cs:43] WritePort result:True | Data: 41542B4854545055524C3D31332E3231302E3132372E34300D0A
2026-04-30 19:53:13.042 [PortIO.cs:62] ReadPort get:2 read:2 | Data: 4F4B000000000000000000000000000000000000000000000000000000000000
2026-04-30 19:53:13.043 [PortIO.cs:43] WritePort result:True | Data: 41542B48545450504154483D2F666173746170690D0A
2026-04-30 19:53:13.058 [PortIO.cs:62] ReadPort get:2 read:2 | Data: 4F4B000000000000000000000000000000000000000000000000000000000000
2026-04-30 19:53:13.059 [PortIO.cs:43] WritePort result:True | Data: 41542B4854545049443D303136323630323036303030320D0A
2026-04-30 19:53:13.074 [PortIO.cs:62] ReadPort get:2 read:2 | Data: 4F4B000000000000000000000000000000000000000000000000000000000000
2026-04-30 19:53:13.075 [PortIO.cs:43] WritePort result:True | Data: 41542B48545450504F4C4C494E473D310D0A
2026-04-30 19:53:13.090 [PortIO.cs:62] ReadPort get:2 read:2 | Data: 4F4B000000000000000000000000000000000000000000000000000000000000
2026-04-30 19:53:13.091 [PortIO.cs:43] WritePort result:True | Data: 1BF016
2026-04-30 19:53:13.106 [PortIO.cs:62] ReadPort get:2 read:2 | Data: 4F4B000000000000000000000000000000000000000000000000000000000000
2026-04-30 19:53:13.107 [PortIO.cs:43] WritePort result:True | Data: 100601
2026-04-30 19:53:13.619 [PortIO.cs:70] ClosePort result:success
2026-04-30 19:53:35.275 [PortIO.cs:29] OpenPort result:True
2026-04-30 19:53:35.277 [PortIO.cs:43] WritePort result:True | Data: 1BF006
2026-04-30 19:53:35.291 [PortIO.cs:62] ReadPort get:2 read:2 | Data: 4F4B000000000000000000000000000000000000000000000000000000000000
2026-04-30 19:53:35.292 [PortIO.cs:43] WritePort result:True | Data: 41542B57494649535349443D225468696E636C6162222C22496E6E6F766174696F6E32303137220D0A
2026-04-30 19:53:35.306 [PortIO.cs:62] ReadPort get:2 read:2 | Data: 4F4B000000000000000000000000000000000000000000000000000000000000
2026-04-30 19:53:35.306 [PortIO.cs:43] WritePort result:True | Data: 41542B574946494E49503D310D0A
2026-04-30 19:53:35.321 [PortIO.cs:62] ReadPort get:2 read:2 | Data: 4F4B000000000000000000000000000000000000000000000000000000000000
2026-04-30 19:53:35.322 [PortIO.cs:43] WritePort result:True | Data: 1BF016
2026-04-30 19:53:35.337 [PortIO.cs:62] ReadPort get:2 read:2 | Data: 4F4B000000000000000000000000000000000000000000000000000000000000
2026-04-30 19:53:35.338 [PortIO.cs:43] WritePort result:True | Data: 100601
2026-04-30 19:53:35.853 [PortIO.cs:70] ClosePort result:success
2026-04-30 19:54:09.805 [PortIO.cs:29] OpenPort result:True
2026-04-30 19:54:09.808 [PortIO.cs:43] WritePort result:True | Data: 1BF006
2026-04-30 19:54:09.821 [PortIO.cs:62] ReadPort get:2 read:2 | Data: 4F4B000000000000000000000000000000000000000000000000000000000000
2026-04-30 19:54:09.822 [PortIO.cs:43] WritePort result:True | Data: 41542B434C4F5544545950453D320D0A
2026-04-30 19:54:09.837 [PortIO.cs:62] ReadPort get:2 read:2 | Data: 4F4B000000000000000000000000000000000000000000000000000000000000
2026-04-30 19:54:09.838 [PortIO.cs:43] WritePort result:True | Data: 41542B4854545055524C3D31332E3231302E3132372E34300D0A
2026-04-30 19:54:09.853 [PortIO.cs:62] ReadPort get:2 read:2 | Data: 4F4B000000000000000000000000000000000000000000000000000000000000
2026-04-30 19:54:09.854 [PortIO.cs:43] WritePort result:True | Data: 41542B48545450504154483D2F666173746170690D0A
2026-04-30 19:54:09.869 [PortIO.cs:62] ReadPort get:2 read:2 | Data: 4F4B000000000000000000000000000000000000000000000000000000000000
2026-04-30 19:54:09.870 [PortIO.cs:43] WritePort result:True | Data: 41542B4854545049443D303136323630323036303030320D0A
2026-04-30 19:54:09.884 [PortIO.cs:62] ReadPort get:2 read:2 | Data: 4F4B000000000000000000000000000000000000000000000000000000000000
2026-04-30 19:54:09.885 [PortIO.cs:43] WritePort result:True | Data: 41542B48545450504F4C4C494E473D310D0A
2026-04-30 19:54:09.900 [PortIO.cs:62] ReadPort get:2 read:2 | Data: 4F4B000000000000000000000000000000000000000000000000000000000000
2026-04-30 19:54:09.901 [PortIO.cs:43] WritePort result:True | Data: 1BF016
2026-04-30 19:54:09.916 [PortIO.cs:62] ReadPort get:2 read:2 | Data: 4F4B000000000000000000000000000000000000000000000000000000000000
2026-04-30 19:54:09.918 [PortIO.cs:43] WritePort result:True | Data: 100601
2026-04-30 19:54:10.431 [PortIO.cs:70] ClosePort result:success
2026-04-30 19:54:37.060 [PortIO.cs:29] OpenPort result:True
2026-04-30 19:54:37.062 [PortIO.cs:43] WritePort result:True | Data: 1BF006
2026-04-30 19:54:37.076 [PortIO.cs:62] ReadPort get:2 read:2 | Data: 4F4B000000000000000000000000000000000000000000000000000000000000
2026-04-30 19:54:37.077 [PortIO.cs:43] WritePort result:True | Data: 41542B434C4F5544545950453D330D0A
2026-04-30 19:54:37.139 [PortIO.cs:62] ReadPort get:2 read:2 | Data: 4F4B000000000000000000000000000000000000000000000000000000000000
2026-04-30 19:54:37.140 [PortIO.cs:43] WritePort result:True | Data: 41542B4D51545455524C3D31332E3231302E3132372E34300D0A
2026-04-30 19:54:37.155 [PortIO.cs:62] ReadPort get:2 read:2 | Data: 4F4B000000000000000000000000000000000000000000000000000000000000
2026-04-30 19:54:37.156 [PortIO.cs:43] WritePort result:True | Data: 41542B4D515454504F52543D383038300D0A
2026-04-30 19:54:37.235 [PortIO.cs:62] ReadPort get:2 read:2 | Data: 4F4B000000000000000000000000000000000000000000000000000000000000
2026-04-30 19:54:37.236 [PortIO.cs:43] WritePort result:True | Data: 41542B4D5154544445564943454E414D453D7072696E746572320D0A
2026-04-30 19:54:37.250 [PortIO.cs:62] ReadPort get:2 read:2 | Data: 4F4B000000000000000000000000000000000000000000000000000000000000
2026-04-30 19:54:37.251 [PortIO.cs:43] WritePort result:True | Data: 41542B4D51545444455649434549443D7072696E746572320D0A
2026-04-30 19:54:37.330 [PortIO.cs:62] ReadPort get:2 read:2 | Data: 4F4B000000000000000000000000000000000000000000000000000000000000
2026-04-30 19:54:37.331 [PortIO.cs:43] WritePort result:True | Data: 41542B4D51545450415353574F52443D0D0A
2026-04-30 19:54:37.346 [PortIO.cs:62] ReadPort get:2 read:2 | Data: 4F4B000000000000000000000000000000000000000000000000000000000000
2026-04-30 19:54:37.346 [PortIO.cs:43] WritePort result:True | Data: 41542B4D515454544F5049433D7072696E7465722F3131322F6A6F622C7072696E7465722F3131312F7374617475730D0A
2026-04-30 19:54:37.408 [PortIO.cs:62] ReadPort get:2 read:2 | Data: 4F4B000000000000000000000000000000000000000000000000000000000000
2026-04-30 19:54:37.410 [PortIO.cs:43] WritePort result:True | Data: 41542B4D51545450494E473D310D0A
2026-04-30 19:54:37.439 [PortIO.cs:62] ReadPort get:2 read:2 | Data: 4F4B000000000000000000000000000000000000000000000000000000000000
2026-04-30 19:54:37.441 [PortIO.cs:43] WritePort result:True | Data: 1BF016
2026-04-30 19:54:37.455 [PortIO.cs:62] ReadPort get:2 read:2 | Data: 4F4B000000000000000000000000000000000000000000000000000000000000
2026-04-30 19:54:37.457 [PortIO.cs:43] WritePort result:True | Data: 100601
2026-04-30 19:54:37.972 [PortIO.cs:70] ClosePort result:success
2026-04-30 19:57:22.243 [PortIO.cs:29] OpenPort result:True
2026-04-30 19:57:22.245 [PortIO.cs:43] WritePort result:True | Data: 1BF006
2026-04-30 19:57:22.259 [PortIO.cs:62] ReadPort get:2 read:2 | Data: 4F4B000000000000000000000000000000000000000000000000000000000000
2026-04-30 19:57:22.261 [PortIO.cs:43] WritePort result:True | Data: 41542B434C4F5544545950453D330D0A
2026-04-30 19:57:22.275 [PortIO.cs:62] ReadPort get:2 read:2 | Data: 4F4B000000000000000000000000000000000000000000000000000000000000
2026-04-30 19:57:22.277 [PortIO.cs:43] WritePort result:True | Data: 41542B4D51545455524C3D31332E3231302E3132372E34300D0A
2026-04-30 19:57:22.291 [PortIO.cs:62] ReadPort get:2 read:2 | Data: 4F4B000000000000000000000000000000000000000000000000000000000000
2026-04-30 19:57:22.292 [PortIO.cs:43] WritePort result:True | Data: 41542B4D515454504F52543D383038300D0A
2026-04-30 19:57:22.307 [PortIO.cs:62] ReadPort get:2 read:2 | Data: 4F4B000000000000000000000000000000000000000000000000000000000000
2026-04-30 19:57:22.308 [PortIO.cs:43] WritePort result:True | Data: 41542B4D5154544445564943454E414D453D7072696E746572350D0A
2026-04-30 19:57:22.383 [PortIO.cs:62] ReadPort get:2 read:2 | Data: 4F4B000000000000000000000000000000000000000000000000000000000000
2026-04-30 19:57:22.384 [PortIO.cs:43] WritePort result:True | Data: 41542B4D51545444455649434549443D7072696E746572350D0A
2026-04-30 19:57:22.445 [PortIO.cs:62] ReadPort get:2 read:2 | Data: 4F4B000000000000000000000000000000000000000000000000000000000000
2026-04-30 19:57:22.447 [PortIO.cs:43] WritePort result:True | Data: 41542B4D51545450415353574F52443D0D0A
2026-04-30 19:57:22.460 [PortIO.cs:62] ReadPort get:2 read:2 | Data: 4F4B000000000000000000000000000000000000000000000000000000000000
2026-04-30 19:57:22.461 [PortIO.cs:43] WritePort result:True | Data: 41542B4D515454544F5049433D7072696E7465722F3131352F6A6F622C7072696E7465722F3131352F7374617475730D0A
2026-04-30 19:57:22.537 [PortIO.cs:62] ReadPort get:2 read:2 | Data: 4F4B000000000000000000000000000000000000000000000000000000000000
2026-04-30 19:57:22.539 [PortIO.cs:43] WritePort result:True | Data: 41542B4D51545450494E473D310D0A
2026-04-30 19:57:22.553 [PortIO.cs:62] ReadPort get:2 read:2 | Data: 4F4B000000000000000000000000000000000000000000000000000000000000
2026-04-30 19:57:22.554 [PortIO.cs:43] WritePort result:True | Data: 1BF016
2026-04-30 19:57:22.569 [PortIO.cs:62] ReadPort get:2 read:2 | Data: 4F4B000000000000000000000000000000000000000000000000000000000000
2026-04-30 19:57:22.570 [PortIO.cs:43] WritePort result:True | Data: 100601
2026-04-30 19:57:23.081 [PortIO.cs:70] ClosePort result:success
2026-04-30 20:01:21.323 [PortIO.cs:29] OpenPort result:True
2026-04-30 20:01:21.326 [PortIO.cs:43] WritePort result:True | Data: 1BF006
2026-04-30 20:01:21.339 [PortIO.cs:62] ReadPort get:2 read:2 | Data: 4F4B000000000000000000000000000000000000000000000000000000000000
2026-04-30 20:01:21.340 [PortIO.cs:43] WritePort result:True | Data: 41542B4D515454524551554553543D2231332E3231302E3132372E3430222C2230313632363032303630303032220D0A
2026-04-30 20:01:21.464 [PortIO.cs:62] ReadPort get:2 read:2 | Data: 4F4B000000000000000000000000000000000000000000000000000000000000
2026-04-30 20:01:21.465 [PortIO.cs:43] WritePort result:True | Data: 1BF016
2026-04-30 20:01:21.480 [PortIO.cs:62] ReadPort get:2 read:2 | Data: 4F4B000000000000000000000000000000000000000000000000000000000000
2026-04-30 20:01:21.482 [PortIO.cs:43] WritePort result:True | Data: 100601
2026-04-30 20:01:21.996 [PortIO.cs:70] ClosePort result:success
2026-04-30 20:03:37.308 [PortIO.cs:29] OpenPort result:True
2026-04-30 20:03:37.311 [PortIO.cs:43] WritePort result:True | Data: 1BF006
2026-04-30 20:03:37.324 [PortIO.cs:62] ReadPort get:2 read:2 | Data: 4F4B000000000000000000000000000000000000000000000000000000000000
2026-04-30 20:03:37.326 [PortIO.cs:43] WritePort result:True | Data: 41542B434C4F5544545950453D310D0A
2026-04-30 20:03:37.386 [PortIO.cs:62] ReadPort get:2 read:2 | Data: 4F4B000000000000000000000000000000000000000000000000000000000000
2026-04-30 20:03:37.388 [PortIO.cs:43] WritePort result:True | Data: 41542B434C4F554455524C3D31302E31332E3137372E31342C383830300D0A
2026-04-30 20:03:37.448 [PortIO.cs:62] ReadPort get:2 read:2 | Data: 4F4B000000000000000000000000000000000000000000000000000000000000
2026-04-30 20:03:37.449 [PortIO.cs:43] WritePort result:True | Data: 41542B434C4F554449443D303136323630323036303030320D0A
2026-04-30 20:03:37.463 [PortIO.cs:62] ReadPort get:2 read:2 | Data: 4F4B000000000000000000000000000000000000000000000000000000000000
2026-04-30 20:03:37.465 [PortIO.cs:43] WritePort result:True | Data: 1BF016
2026-04-30 20:03:37.479 [PortIO.cs:62] ReadPort get:2 read:2 | Data: 4F4B000000000000000000000000000000000000000000000000000000000000
2026-04-30 20:03:37.481 [PortIO.cs:43] WritePort result:True | Data: 100601
2026-04-30 20:03:37.993 [PortIO.cs:70] ClosePort result:success
