2026-04-28 18:18:43.997 [Form1.cs:182] Application startup
2026-04-28 18:25:35.569 [PortIO.cs:29] OpenPort result:True
2026-04-28 18:25:35.573 [PortIO.cs:43] WritePort result:True | Data: 1BF006
2026-04-28 18:25:35.585 [PortIO.cs:62] ReadPort get:2 read:2 | Data: 4F4B000000000000000000000000000000000000000000000000000000000000
2026-04-28 18:25:35.587 [PortIO.cs:43] WritePort result:True | Data: 41542B4D515454524551554553543D22687474703A2F2F33362E3135342E3231322E3132333A33303038302F636C6F75642D7072696E742F76312F646576696365732F7365727665722D696E666F222C2230313632363032303630303032220D0A
2026-04-28 18:25:38.705 [PortIO.cs:62] ReadPort get:2 read:0 | Data: 0000000000000000000000000000000000000000000000000000000000000000
2026-04-28 18:25:40.718 [PortIO.cs:43] WritePort result:True | Data: 1BF016
2026-04-28 18:25:40.720 [PortIO.cs:70] ClosePort result:success
2026-04-28 18:25:56.045 [PortIO.cs:29] OpenPort result:True
2026-04-28 18:25:56.047 [PortIO.cs:43] WritePort result:True | Data: 1BF006
2026-04-28 18:25:56.060 [PortIO.cs:62] ReadPort get:2 read:2 | Data: 4F4B000000000000000000000000000000000000000000000000000000000000
2026-04-28 18:25:56.061 [PortIO.cs:43] WritePort result:True | Data: 41542B4D515454524551554553543D22687474703A2F2F302E302E302E303A38383030222C2230313632363032303630303032220D0A
2026-04-28 18:25:56.137 [PortIO.cs:62] ReadPort get:2 read:2 | Data: 4F4B000000000000000000000000000000000000000000000000000000000000
2026-04-28 18:25:56.138 [PortIO.cs:43] WritePort result:True | Data: 1BF016
2026-04-28 18:25:56.153 [PortIO.cs:62] ReadPort get:2 read:2 | Data: 4F4B000000000000000000000000000000000000000000000000000000000000
2026-04-28 18:25:56.155 [PortIO.cs:43] WritePort result:True | Data: 100601
2026-04-28 18:25:56.667 [PortIO.cs:70] ClosePort result:success
2026-04-28 18:26:54.010 [PortIO.cs:29] OpenPort result:True
2026-04-28 18:26:54.013 [PortIO.cs:43] WritePort result:True | Data: 1BF006
2026-04-28 18:26:54.026 [PortIO.cs:62] ReadPort get:2 read:2 | Data: 4F4B000000000000000000000000000000000000000000000000000000000000
2026-04-28 18:26:54.027 [PortIO.cs:43] WritePort result:True | Data: 41542B434C4F5544545950453D330D0A
2026-04-28 18:26:54.089 [PortIO.cs:62] ReadPort get:2 read:2 | Data: 4F4B000000000000000000000000000000000000000000000000000000000000
2026-04-28 18:26:54.090 [PortIO.cs:43] WritePort result:True | Data: 41542B4D51545455524C3D687474703A2F2F302E302E302E300D0A
2026-04-28 18:26:54.104 [PortIO.cs:62] ReadPort get:2 read:2 | Data: 4F4B000000000000000000000000000000000000000000000000000000000000
2026-04-28 18:26:54.105 [PortIO.cs:43] WritePort result:True | Data: 41542B4D515454504F52543D383830300D0A
2026-04-28 18:26:54.183 [PortIO.cs:62] ReadPort get:2 read:2 | Data: 4F4B000000000000000000000000000000000000000000000000000000000000
2026-04-28 18:26:54.184 [PortIO.cs:43] WritePort result:True | Data: 41542B4D5154544445564943454E414D453D5247544553543030322661314F576658736F4353780D0A
2026-04-28 18:26:54.198 [PortIO.cs:62] ReadPort get:2 read:2 | Data: 4F4B000000000000000000000000000000000000000000000000000000000000
2026-04-28 18:26:54.199 [PortIO.cs:43] WritePort result:True | Data: 41542B4D51545444455649434549443D61314F576658736F4353782E5247544553543030327C7365637572656D6F64653D322C7369676E6D6574686F643D686D61637368613235362C74696D657374616D703D313636393130393433333839327C0D0A
2026-04-28 18:26:54.261 [PortIO.cs:62] ReadPort get:2 read:2 | Data: 4F4B000000000000000000000000000000000000000000000000000000000000
2026-04-28 18:26:54.262 [PortIO.cs:43] WritePort result:True | Data: 41542B4D51545450415353574F52443D383762376633623961303137626666616138363961373764666166313561353839376232366334323031653461326233643535333462383739376131376339660D0A
2026-04-28 18:26:54.277 [PortIO.cs:62] ReadPort get:2 read:2 | Data: 4F4B000000000000000000000000000000000000000000000000000000000000
2026-04-28 18:26:54.278 [PortIO.cs:43] WritePort result:True | Data: 41542B4D515454544F5049433D2F61314F576658736F4353782F5247544553543030322F757365722F646174612C2F61314F576658736F4353782F5247544553543030322F757365722F7374617475730D0A
2026-04-28 18:26:54.353 [PortIO.cs:62] ReadPort get:2 read:2 | Data: 4F4B000000000000000000000000000000000000000000000000000000000000
2026-04-28 18:26:54.354 [PortIO.cs:43] WritePort result:True | Data: 41542B4D51545450494E473D3138300D0A
2026-04-28 18:26:54.369 [PortIO.cs:62] ReadPort get:2 read:2 | Data: 4F4B000000000000000000000000000000000000000000000000000000000000
2026-04-28 18:26:54.371 [PortIO.cs:43] WritePort result:True | Data: 1BF016
2026-04-28 18:26:54.385 [PortIO.cs:62] ReadPort get:2 read:2 | Data: 4F4B000000000000000000000000000000000000000000000000000000000000
2026-04-28 18:26:54.387 [PortIO.cs:43] WritePort result:True | Data: 100601
2026-04-28 18:26:54.901 [PortIO.cs:70] ClosePort result:success
